Component: ARM Compiler 5.05 update 1 (build 106) Tool: armlink [4d0efa]

==============================================================================

Section Cross References

    bsp.o(i.BSP_CPU_ClkFreq) refers to stm32f4xx_rcc.o(i.RCC_GetClocksFreq) for RCC_GetClocksFreq
    bsp.o(i.BSP_Init) refers to bsp_int.o(i.BSP_IntInit) for BSP_IntInit
    bsp.o(i.BSP_Init) refers to bsp.o(i.BSP_LED_Init) for BSP_LED_Init
    bsp.o(i.BSP_LED_Init) refers to bsp_periph.o(i.BSP_PeriphEn) for BSP_PeriphEn
    bsp.o(i.BSP_LED_Init) refers to stm32f4xx_gpio.o(i.GPIO_Init) for GPIO_Init
    bsp.o(i.BSP_LED_Off) refers to stm32f4xx_gpio.o(i.GPIO_SetBits) for GPIO_SetBits
    bsp.o(i.BSP_LED_On) refers to stm32f4xx_gpio.o(i.GPIO_ResetBits) for GPIO_ResetBits
    bsp.o(i.BSP_LED_Toggle) refers to stm32f4xx_gpio.o(i.GPIO_ReadOutputData) for GPIO_ReadOutputData
    bsp.o(i.BSP_LED_Toggle) refers to stm32f4xx_gpio.o(i.GPIO_SetBits) for GPIO_SetBits
    bsp.o(i.BSP_LED_Toggle) refers to stm32f4xx_gpio.o(i.GPIO_ResetBits) for GPIO_ResetBits
    bsp.o(i.BSP_Tick_Init) refers to bsp.o(i.BSP_CPU_ClkFreq) for BSP_CPU_ClkFreq
    bsp.o(i.BSP_Tick_Init) refers to os_cpu_c.o(i.OS_CPU_SysTickInit) for OS_CPU_SysTickInit
    bsp.o(i.BSP_Tick_Init) refers to os_cfg_app.o(.constdata) for OSCfg_TickRate_Hz
    bsp.o(i.CPU_TS32_to_uSec) refers to bsp.o(i.BSP_CPU_ClkFreq) for BSP_CPU_ClkFreq
    bsp.o(i.CPU_TS32_to_uSec) refers to lludivv7m.o(.text) for __aeabi_uldivmod
    bsp.o(i.CPU_TS_TmrInit) refers to bsp.o(i.BSP_CPU_ClkFreq) for BSP_CPU_ClkFreq
    bsp.o(i.CPU_TS_TmrInit) refers to cpu_core.o(i.CPU_TS_TmrFreqSet) for CPU_TS_TmrFreqSet
    bsp_int.o(i.BSP_IntDis) refers to cpu_c.o(i.CPU_IntSrcDis) for CPU_IntSrcDis
    bsp_int.o(i.BSP_IntDisAll) refers to cpu_a.o(.text) for CPU_IntDis
    bsp_int.o(i.BSP_IntEn) refers to cpu_c.o(i.CPU_IntSrcEn) for CPU_IntSrcEn
    bsp_int.o(i.BSP_IntHandler) refers to cpu_a.o(.text) for CPU_SR_Save
    bsp_int.o(i.BSP_IntHandler) refers to os_core.o(i.OSIntEnter) for OSIntEnter
    bsp_int.o(i.BSP_IntHandler) refers to os_core.o(i.OSIntExit) for OSIntExit
    bsp_int.o(i.BSP_IntHandler) refers to bsp_int.o(.bss) for BSP_IntVectTbl
    bsp_int.o(i.BSP_IntHandlerADC) refers to bsp_int.o(i.BSP_IntHandler) for BSP_IntHandler
    bsp_int.o(i.BSP_IntHandlerCAN1_RX0) refers to bsp_int.o(i.BSP_IntHandler) for BSP_IntHandler
    bsp_int.o(i.BSP_IntHandlerCAN1_RX1) refers to bsp_int.o(i.BSP_IntHandler) for BSP_IntHandler
    bsp_int.o(i.BSP_IntHandlerCAN1_SCE) refers to bsp_int.o(i.BSP_IntHandler) for BSP_IntHandler
    bsp_int.o(i.BSP_IntHandlerCAN1_TX) refers to bsp_int.o(i.BSP_IntHandler) for BSP_IntHandler
    bsp_int.o(i.BSP_IntHandlerCAN2_RX0) refers to bsp_int.o(i.BSP_IntHandler) for BSP_IntHandler
    bsp_int.o(i.BSP_IntHandlerCAN2_RX1) refers to bsp_int.o(i.BSP_IntHandler) for BSP_IntHandler
    bsp_int.o(i.BSP_IntHandlerCAN2_SCE) refers to bsp_int.o(i.BSP_IntHandler) for BSP_IntHandler
    bsp_int.o(i.BSP_IntHandlerCAN2_TX) refers to bsp_int.o(i.BSP_IntHandler) for BSP_IntHandler
    bsp_int.o(i.BSP_IntHandlerCRYP) refers to bsp_int.o(i.BSP_IntHandler) for BSP_IntHandler
    bsp_int.o(i.BSP_IntHandlerDCMI) refers to bsp_int.o(i.BSP_IntHandler) for BSP_IntHandler
    bsp_int.o(i.BSP_IntHandlerDMA1_CH0) refers to bsp_int.o(i.BSP_IntHandler) for BSP_IntHandler
    bsp_int.o(i.BSP_IntHandlerDMA1_CH1) refers to bsp_int.o(i.BSP_IntHandler) for BSP_IntHandler
    bsp_int.o(i.BSP_IntHandlerDMA1_CH2) refers to bsp_int.o(i.BSP_IntHandler) for BSP_IntHandler
    bsp_int.o(i.BSP_IntHandlerDMA1_CH3) refers to bsp_int.o(i.BSP_IntHandler) for BSP_IntHandler
    bsp_int.o(i.BSP_IntHandlerDMA1_CH4) refers to bsp_int.o(i.BSP_IntHandler) for BSP_IntHandler
    bsp_int.o(i.BSP_IntHandlerDMA1_CH5) refers to bsp_int.o(i.BSP_IntHandler) for BSP_IntHandler
    bsp_int.o(i.BSP_IntHandlerDMA1_CH6) refers to bsp_int.o(i.BSP_IntHandler) for BSP_IntHandler
    bsp_int.o(i.BSP_IntHandlerDMA1_STREAM7) refers to bsp_int.o(i.BSP_IntHandler) for BSP_IntHandler
    bsp_int.o(i.BSP_IntHandlerDMA2D) refers to bsp_int.o(i.BSP_IntHandler) for BSP_IntHandler
    bsp_int.o(i.BSP_IntHandlerDMA2_CH0) refers to bsp_int.o(i.BSP_IntHandler) for BSP_IntHandler
    bsp_int.o(i.BSP_IntHandlerDMA2_CH1) refers to bsp_int.o(i.BSP_IntHandler) for BSP_IntHandler
    bsp_int.o(i.BSP_IntHandlerDMA2_CH2) refers to bsp_int.o(i.BSP_IntHandler) for BSP_IntHandler
    bsp_int.o(i.BSP_IntHandlerDMA2_CH3) refers to bsp_int.o(i.BSP_IntHandler) for BSP_IntHandler
    bsp_int.o(i.BSP_IntHandlerDMA2_CH4) refers to bsp_int.o(i.BSP_IntHandler) for BSP_IntHandler
    bsp_int.o(i.BSP_IntHandlerDMA2_CH5) refers to bsp_int.o(i.BSP_IntHandler) for BSP_IntHandler
    bsp_int.o(i.BSP_IntHandlerDMA2_CH6) refers to bsp_int.o(i.BSP_IntHandler) for BSP_IntHandler
    bsp_int.o(i.BSP_IntHandlerDMA2_CH7) refers to bsp_int.o(i.BSP_IntHandler) for BSP_IntHandler
    bsp_int.o(i.BSP_IntHandlerETH) refers to bsp_int.o(i.BSP_IntHandler) for BSP_IntHandler
[...]
    _get_lc_monetary                          - Undefined Weak Reference
    _get_lc_numeric                           - Undefined Weak Reference
    _get_lc_time                              - Undefined Weak Reference
    _getenv_init                              - Undefined Weak Reference
    _handle_redirection                       - Undefined Weak Reference
    _init_alloc                               - Undefined Weak Reference
    _init_user_alloc                          - Undefined Weak Reference
    _initio                                   - Undefined Weak Reference
    _rand_init                                - Undefined Weak Reference
    _signal_finish                            - Undefined Weak Reference
    _signal_init                              - Undefined Weak Reference
    _terminate_alloc                          - Undefined Weak Reference
    _terminate_user_alloc                     - Undefined Weak Reference
    _terminateio                              - Undefined Weak Reference
    __Vectors                                0x08000000   Data           4  cstartup.o(RESET)
    __main                                   0x080001ad   Thumb Code     8  __main.o(!!!main)
    __scatterload                            0x080001b5   Thumb Code     0  __scatter.o(!!!scatter)
    __scatterload_rt2                        0x080001b5   Thumb Code    44  __scatter.o(!!!scatter)
    __scatterload_rt2_thumb_only             0x080001b5   Thumb Code     0  __scatter.o(!!!scatter)
    __scatterload_null                       0x080001c3   Thumb Code     0  __scatter.o(!!!scatter)
    __scatterload_copy                       0x080001e9   Thumb Code    26  __scatter_copy.o(!!handler_copy)
    __scatterload_zeroinit                   0x08000205   Thumb Code    28  __scatter_zi.o(!!handler_zi)
    __rt_lib_init                            0x08000221   Thumb Code     0  libinit.o(.ARM.Collect$$libinit$$00000000)
    __rt_lib_init_fp_1                       0x08000223   Thumb Code     0  libinit2.o(.ARM.Collect$$libinit$$00000001)
    __rt_lib_init_alloca_1                   0x08000227   Thumb Code     0  libinit2.o(.ARM.Collect$$libinit$$0000002E)
    __rt_lib_init_argv_1                     0x08000227   Thumb Code     0  libinit2.o(.ARM.Collect$$libinit$$0000002C)
    __rt_lib_init_atexit_1                   0x08000227   Thumb Code     0  libinit2.o(.ARM.Collect$$libinit$$0000001B)
    __rt_lib_init_clock_1                    0x08000227   Thumb Code     0  libinit2.o(.ARM.Collect$$libinit$$00000021)
    __rt_lib_init_cpp_1                      0x08000227   Thumb Code     0  libinit2.o(.ARM.Collect$$libinit$$00000032)
    __rt_lib_init_exceptions_1               0x08000227   Thumb Code     0  libinit2.o(.ARM.Collect$$libinit$$00000030)
    __rt_lib_init_fp_trap_1                  0x08000227   Thumb Code     0  libinit2.o(.ARM.Collect$$libinit$$0000001F)
    __rt_lib_init_getenv_1                   0x08000227   Thumb Code     0  libinit2.o(.ARM.Collect$$libinit$$00000023)
    __rt_lib_init_heap_1                     0x08000227   Thumb Code     0  libinit2.o(.ARM.Collect$$libinit$$0000000A)
    __rt_lib_init_lc_collate_1               0x08000227   Thumb Code     0  libinit2.o(.ARM.Collect$$libinit$$00000011)
    __rt_lib_init_lc_ctype_1                 0x08000227   Thumb Code     0  libinit2.o(.ARM.Collect$$libinit$$00000013)
    __rt_lib_init_lc_monetary_1              0x08000227   Thumb Code     0  libinit2.o(.ARM.Collect$$libinit$$00000015)
    __rt_lib_init_lc_numeric_1               0x08000227   Thumb Code     0  libinit2.o(.ARM.Collect$$libinit$$00000017)
    __rt_lib_init_lc_time_1                  0x08000227   Thumb Code     0  libinit2.o(.ARM.Collect$$libinit$$00000019)
    __rt_lib_init_preinit_1                  0x08000227   Thumb Code     0  libinit2.o(.ARM.Collect$$libinit$$00000004)
    __rt_lib_init_rand_1                     0x08000227   Thumb Code     0  libinit2.o(.ARM.Collect$$libinit$$0000000E)
    __rt_lib_init_return                     0x08000227   Thumb Code     0  libinit2.o(.ARM.Collect$$libinit$$00000033)
    __rt_lib_init_signal_1                   0x08000227   Thumb Code     0  libinit2.o(.ARM.Collect$$libinit$$0000001D)
    __rt_lib_init_stdio_1                    0x08000227   Thumb Code     0  libinit2.o(.ARM.Collect$$libinit$$00000025)
    __rt_lib_init_user_alloc_1               0x08000227   Thumb Code     0  libinit2.o(.ARM.Collect$$libinit$$0000000C)
    __rt_lib_shutdown                        0x08000229   Thumb Code     0  libshutdown.o(.ARM.Collect$$libshutdown$$00000000)
    __rt_lib_shutdown_fp_trap_1              0x0800022b   Thumb Code     0  libshutdown2.o(.ARM.Collect$$libshutdown$$00000006)
    __rt_lib_shutdown_heap_1                 0x0800022b   Thumb Code     0  libshutdown2.o(.ARM.Collect$$libshutdown$$0000000E)
    __rt_lib_shutdown_return                 0x0800022b   Thumb Code     0  libshutdown2.o(.ARM.Collect$$libshutdown$$0000000F)
    __rt_lib_shutdown_signal_1               0x0800022b   Thumb Code     0  libshutdown2.o(.ARM.Collect$$libshutdown$$00000009)
    __rt_lib_shutdown_stdio_1                0x0800022b   Thumb Code     0  libshutdown2.o(.ARM.Collect$$libshutdown$$00000003)
    __rt_lib_shutdown_user_alloc_1           0x0800022b   Thumb Code     0  libshutdown2.o(.ARM.Collect$$libshutdown$$0000000B)
    __rt_entry                               0x0800022d   Thumb Code     0  __rtentry.o(.ARM.Collect$$rtentry$$00000000)
    __rt_entry_presh_1                       0x0800022d   Thumb Code     0  __rtentry2.o(.ARM.Collect$$rtentry$$00000002)
    __rt_entry_sh                            0x0800022d   Thumb Code     0  __rtentry4.o(.ARM.Collect$$rtentry$$00000004)
    __rt_entry_li                            0x08000233   Thumb Code     0  __rtentry2.o(.ARM.Collect$$rtentry$$0000000A)
    __rt_entry_postsh_1                      0x08000233   Thumb Code     0  __rtentry2.o(.ARM.Collect$$rtentry$$00000009)
    __rt_entry_main                          0x08000237   Thumb Code     0  __rtentry2.o(.ARM.Collect$$rtentry$$0000000D)
    __rt_entry_postli_1                      0x08000237   Thumb Code     0  __rtentry2.o(.ARM.Collect$$rtentry$$0000000C)
    __rt_exit                                0x0800023f   Thumb Code     0  rtexit.o(.ARM.Collect$$rtexit$$00000000)
    __rt_exit_ls                             0x08000241   Thumb Code     0  rtexit2.o(.ARM.Collect$$rtexit$$00000003)
    __rt_exit_prels_1                        0x08000241   Thumb Code     0  rtexit2.o(.ARM.Collect$$rtexit$$00000002)
    __rt_exit_exit                           0x08000245   Thumb Code     0  rtexit2.o(.ARM.Collect$$rtexit$$00000004)
    Reset_Handler                            0x0800024d   Thumb Code    36  cstartup.o(.text)
    App_NMI_ISR                              0x08000271   Thumb Code     2  cstartup.o(.text)
    App_Fault_ISR                            0x08000273   Thumb Code     2  cstartup.o(.text)
    App_MemFault_ISR                         0x08000275   Thumb Code     2  cstartup.o(.text)
    App_BusFault_ISR                         0x08000277   Thumb Code     2  cstartup.o(.text)
    App_UsageFault_ISR                       0x08000279   Thumb Code     2  cstartup.o(.text)
    App_Spurious_ISR                         0x0800027b   Thumb Code     2  cstartup.o(.text)
    App_Reserved_ISR                         0x0800027d   Thumb Code     2  cstartup.o(.text)
    __user_initial_stackheap                 0x08000281   Thumb Code     0  cstartup.o(.text)
    CPU_IntDis                               0x080002a9   Thumb Code     0  cpu_a.o(.text)
    CPU_IntEn                                0x080002ad   Thumb Code     0  cpu_a.o(.text)
    CPU_SR_Save                              0x080002b1   Thumb Code     0  cpu_a.o(.text)
    CPU_SR_Restore                           0x080002b9   Thumb Code     0  cpu_a.o(.text)
    CPU_WaitForInt                           0x080002bf   Thumb Code     0  cpu_a.o(.text)
    CPU_WaitForExcept                        0x080002c3   Thumb Code     0  cpu_a.o(.text)
    CPU_CntLeadZeros                         0x080002c7   Thumb Code     0  cpu_a.o(.text)
    CPU_CntTrailZeros                        0x080002cd   Thumb Code     0  cpu_a.o(.text)
    CPU_RevBits                              0x080002d7   Thumb Code     0  cpu_a.o(.text)
    __use_two_region_memory                  0x080002dd   Thumb Code     2  heapauxi.o(.text)
    __rt_heap_escrow$2region                 0x080002df   Thumb Code     2  heapauxi.o(.text)
    __rt_heap_expand$2region                 0x080002e1   Thumb Code     2  heapauxi.o(.text)
    __user_setup_stackheap                   0x080002e3   Thumb Code    74  sys_stackheap_outer.o(.text)
    exit                                     0x0800032d   Thumb Code    12  exit.o(.text)
    __user_libspace                          0x08000339   Thumb Code     8  libspace.o(.text)
    __user_perproc_libspace                  0x08000339   Thumb Code     0  libspace.o(.text)
    __user_perthread_libspace                0x08000339   Thumb Code     0  libspace.o(.text)
    _sys_exit                                0x08000341   Thumb Code     8  sys_exit.o(.text)
    __I$use$semihosting                      0x0800034d   Thumb Code     0  use_no_semi.o(.text)
    __use_no_semihosting_swi                 0x0800034d   Thumb Code     2  use_no_semi.o(.text)
    __semihosting_library_function           0x0800034f   Thumb Code     0  indicate_semi.o(.text)
    OS_CPU_FP_Reg_Push                       0x08000351   Thumb Code     0  os_cpu_a.o(CODE)
    OS_CPU_FP_Reg_Pop                        0x0800036b   Thumb Code     0  os_cpu_a.o(CODE)
    OSStartHighRdy                           0x0800037d   Thumb Code     0  os_cpu_a.o(CODE)
    OSCtxSw                                  0x080003ed   Thumb Code     0  os_cpu_a.o(CODE)
    OSIntCtxSw                               0x080003f7   Thumb Code     0  os_cpu_a.o(CODE)
    OS_CPU_PendSVHandler                     0x08000401   Thumb Code     0  os_cpu_a.o(CODE)
    BSP_CPU_ClkFreq                          0x0800045d   Thumb Code    14  bsp.o(i.BSP_CPU_ClkFreq)
    BSP_Init                                 0x0800046d   Thumb Code   262  bsp.o(i.BSP_Init)
    BSP_IntDisAll                            0x08000589   Thumb Code     8  bsp_int.o(i.BSP_IntDisAll)
    BSP_IntEn                                0x08000591   Thumb Code    20  bsp_int.o(i.BSP_IntEn)
    BSP_IntHandlerADC                        0x080005e5   Thumb Code    10  bsp_int.o(i.BSP_IntHandlerADC)
    BSP_IntHandlerCAN1_RX0                   0x080005ef   Thumb Code    10  bsp_int.o(i.BSP_IntHandlerCAN1_RX0)
    BSP_IntHandlerCAN1_RX1                   0x080005f9   Thumb Code    10  bsp_int.o(i.BSP_IntHandlerCAN1_RX1)
    BSP_IntHandlerCAN1_SCE                   0x08000603   Thumb Code    10  bsp_int.o(i.BSP_IntHandlerCAN1_SCE)
    BSP_IntHandlerCAN1_TX                    0x0800060d   Thumb Code    10  bsp_int.o(i.BSP_IntHandlerCAN1_TX)
    BSP_IntHandlerCAN2_RX0                   0x08000617   Thumb Code    10  bsp_int.o(i.BSP_IntHandlerCAN2_RX0)
    BSP_IntHandlerCAN2_RX1                   0x08000621   Thumb Code    10  bsp_int.o(i.BSP_IntHandlerCAN2_RX1)
    BSP_IntHandlerCAN2_SCE                   0x0800062b   Thumb Code    10  bsp_int.o(i.BSP_IntHandlerCAN2_SCE)
    BSP_IntHandlerCAN2_TX                    0x08000635   Thumb Code    10  bsp_int.o(i.BSP_IntHandlerCAN2_TX)
    BSP_IntHandlerCRYP                       0x0800063f   Thumb Code    10  bsp_int.o(i.BSP_IntHandlerCRYP)
    BSP_IntHandlerDCMI                       0x08000649   Thumb Code    10  bsp_int.o(i.BSP_IntHandlerDCMI)
    BSP_IntHandlerDMA1_CH0                   0x08000653   Thumb Code    10  bsp_int.o(i.BSP_IntHandlerDMA1_CH0)
    BSP_IntHandlerDMA1_CH1                   0x0800065d   Thumb Code    10  bsp_int.o(i.BSP_IntHandlerDMA1_CH1)
    BSP_IntHandlerDMA1_CH2                   0x08000667   Thumb Code    10  bsp_int.o(i.BSP_IntHandlerDMA1_CH2)
    BSP_IntHandlerDMA1_CH3                   0x08000671   Thumb Code    10  bsp_int.o(i.BSP_IntHandlerDMA1_CH3)
    BSP_IntHandlerDMA1_CH4                   0x0800067b   Thumb Code    10  bsp_int.o(i.BSP_IntHandlerDMA1_CH4)
    BSP_IntHandlerDMA1_CH5                   0x08000685   Thumb Code    10  bsp_int.o(i.BSP_IntHandlerDMA1_CH5)
    BSP_IntHandlerDMA1_CH6                   0x0800068f   Thumb Code    10  bsp_int.o(i.BSP_IntHandlerDMA1_CH6)
    BSP_IntHandlerDMA1_STREAM7               0x08000699   Thumb Code    10  bsp_int.o(i.BSP_IntHandlerDMA1_STREAM7)
    BSP_IntHandlerDMA2D                      0x080006a3   Thumb Code    10  bsp_int.o(i.BSP_IntHandlerDMA2D)
    BSP_IntHandlerDMA2_CH0                   0x080006ad   Thumb Code    10  bsp_int.o(i.BSP_IntHandlerDMA2_CH0)
    BSP_IntHandlerDMA2_CH1                   0x080006b7   Thumb Code    10  bsp_int.o(i.BSP_IntHandlerDMA2_CH1)
    BSP_IntHandlerDMA2_CH2                   0x080006c1   Thumb Code    10  bsp_int.o(i.BSP_IntHandlerDMA2_CH2)
    BSP_IntHandlerDMA2_CH3                   0x080006cb   Thumb Code    10  bsp_int.o(i.BSP_IntHandlerDMA2_CH3)
    BSP_IntHandlerDMA2_CH4                   0x080006d5   Thumb Code    10  bsp_int.o(i.BSP_IntHandlerDMA2_CH4)
    BSP_IntHandlerDMA2_CH5                   0x080006df   Thumb Code    10  bsp_int.o(i.BSP_IntHandlerDMA2_CH5)
    BSP_IntHandlerDMA2_CH6                   0x080006e9   Thumb Code    10  bsp_int.o(i.BSP_IntHandlerDMA2_CH6)
    BSP_IntHandlerDMA2_CH7                   0x080006f3   Thumb Code    10  bsp_int.o(i.BSP_IntHandlerDMA2_CH7)
    BSP_IntHandlerETH                        0x080006ff   Thumb Code    10  bsp_int.o(i.BSP_IntHandlerETH)
    BSP_IntHandlerETHWakeup                  0x08000709   Thumb Code    10  bsp_int.o(i.BSP_IntHandlerETHWakeup)
    BSP_IntHandlerEXTI0                      0x08000713   Thumb Code    10  bsp_int.o(i.BSP_IntHandlerEXTI0)
    BSP_IntHandlerEXTI1                      0x0800071d   Thumb Code    10  bsp_int.o(i.BSP_IntHandlerEXTI1)
    BSP_IntHandlerEXTI15_10                  0x08000727   Thumb Code    10  bsp_int.o(i.BSP_IntHandlerEXTI15_10)
    BSP_IntHandlerEXTI2                      0x08000731   Thumb Code    10  bsp_int.o(i.BSP_IntHandlerEXTI2)
    BSP_IntHandlerEXTI3                      0x0800073b   Thumb Code    10  bsp_int.o(i.BSP_IntHandlerEXTI3)
    BSP_IntHandlerEXTI4                      0x08000745   Thumb Code    10  bsp_int.o(i.BSP_IntHandlerEXTI4)
    BSP_IntHandlerEXTI9_5                    0x0800074f   Thumb Code    10  bsp_int.o(i.BSP_IntHandlerEXTI9_5)
    BSP_IntHandlerFLASH                      0x08000759   Thumb Code    10  bsp_int.o(i.BSP_IntHandlerFLASH)
    BSP_IntHandlerFPU                        0x08000763   Thumb Code    10  bsp_int.o(i.BSP_IntHandlerFPU)
    BSP_IntHandlerFSMC                       0x0800076d   Thumb Code    10  bsp_int.o(i.BSP_IntHandlerFSMC)
    BSP_IntHandlerHASH_RNG                   0x08000777   Thumb Code    10  bsp_int.o(i.BSP_IntHandlerHASH_RNG)
    BSP_IntHandlerI2C1_ER                    0x08000781   Thumb Code    10  bsp_int.o(i.BSP_IntHandlerI2C1_ER)
    BSP_IntHandlerI2C1_EV                    0x0800078b   Thumb Code    10  bsp_int.o(i.BSP_IntHandlerI2C1_EV)
    BSP_IntHandlerI2C2_ER                    0x08000795   Thumb Code    10  bsp_int.o(i.BSP_IntHandlerI2C2_ER)
    BSP_IntHandlerI2C2_EV                    0x0800079f   Thumb Code    10  bsp_int.o(i.BSP_IntHandlerI2C2_EV)
    BSP_IntHandlerI2C3_ER                    0x080007a9   Thumb Code    10  bsp_int.o(i.BSP_IntHandlerI2C3_ER)
    BSP_IntHandlerI2C3_EV                    0x080007b3   Thumb Code    10  bsp_int.o(i.BSP_IntHandlerI2C3_EV)
    BSP_IntHandlerLTDC                       0x080007bd   Thumb Code    10  bsp_int.o(i.BSP_IntHandlerLTDC)
    BSP_IntHandlerLTDC_ER                    0x080007c7   Thumb Code    10  bsp_int.o(i.BSP_IntHandlerLTDC_ER)
    BSP_IntHandlerOTG_FS                     0x080007d1   Thumb Code    10  bsp_int.o(i.BSP_IntHandlerOTG_FS)
    BSP_IntHandlerOTG_FS_WKUP                0x080007db   Thumb Code    10  bsp_int.o(i.BSP_IntHandlerOTG_FS_WKUP)
    BSP_IntHandlerOTG_HS                     0x080007e5   Thumb Code    10  bsp_int.o(i.BSP_IntHandlerOTG_HS)
    BSP_IntHandlerOTG_HS_EP1_IN              0x080007ef   Thumb Code    10  bsp_int.o(i.BSP_IntHandlerOTG_HS_EP1_IN)
    BSP_IntHandlerOTG_HS_EP1_OUT             0x080007f9   Thumb Code    10  bsp_int.o(i.BSP_IntHandlerOTG_HS_EP1_OUT)
    BSP_IntHandlerOTG_HS_WKUP                0x08000803   Thumb Code    10  bsp_int.o(i.BSP_IntHandlerOTG_HS_WKUP)
    BSP_IntHandlerPVD                        0x0800080d   Thumb Code    10  bsp_int.o(i.BSP_IntHandlerPVD)
    BSP_IntHandlerRCC                        0x08000817   Thumb Code    10  bsp_int.o(i.BSP_IntHandlerRCC)
    BSP_IntHandlerRTCAlarm                   0x08000821   Thumb Code    10  bsp_int.o(i.BSP_IntHandlerRTCAlarm)
    BSP_IntHandlerRTC_WKUP                   0x0800082b   Thumb Code    10  bsp_int.o(i.BSP_IntHandlerRTC_WKUP)
    BSP_IntHandlerSAI1                       0x08000835   Thumb Code    10  bsp_int.o(i.BSP_IntHandlerSAI1)
    BSP_IntHandlerSDIO                       0x0800083f   Thumb Code    10  bsp_int.o(i.BSP_IntHandlerSDIO)
    BSP_IntHandlerSPI1                       0x08000849   Thumb Code    10  bsp_int.o(i.BSP_IntHandlerSPI1)
    BSP_IntHandlerSPI2                       0x08000853   Thumb Code    10  bsp_int.o(i.BSP_IntHandlerSPI2)
    BSP_IntHandlerSPI3                       0x0800085d   Thumb Code    10  bsp_int.o(i.BSP_IntHandlerSPI3)
    BSP_IntHandlerSPI4                       0x08000867   Thumb Code    10  bsp_int.o(i.BSP_IntHandlerSPI4)
    BSP_IntHandlerSPI5                       0x08000871   Thumb Code    10  bsp_int.o(i.BSP_IntHandlerSPI5)
    BSP_IntHandlerSPI6                       0x0800087b   Thumb Code    10  bsp_int.o(i.BSP_IntHandlerSPI6)
    BSP_IntHandlerTAMP_STAMP                 0x08000885   Thumb Code    10  bsp_int.o(i.BSP_IntHandlerTAMP_STAMP)
    BSP_IntHandlerTIM1_BRK_TIM9              0x0800088f   Thumb Code    10  bsp_int.o(i.BSP_IntHandlerTIM1_BRK_TIM9)
    BSP_IntHandlerTIM1_CC                    0x08000899   Thumb Code    10  bsp_int.o(i.BSP_IntHandlerTIM1_CC)
    BSP_IntHandlerTIM1_TRG_COM_TIM11         0x080008a3   Thumb Code    10  bsp_int.o(i.BSP_IntHandlerTIM1_TRG_COM_TIM11)
    BSP_IntHandlerTIM1_UP_TIM10              0x080008ad   Thumb Code    10  bsp_int.o(i.BSP_IntHandlerTIM1_UP_TIM10)
    BSP_IntHandlerTIM2                       0x080008b7   Thumb Code    10  bsp_int.o(i.BSP_IntHandlerTIM2)
    BSP_IntHandlerTIM3                       0x080008c1   Thumb Code    10  bsp_int.o(i.BSP_IntHandlerTIM3)
    BSP_IntHandlerTIM4                       0x080008cb   Thumb Code    10  bsp_int.o(i.BSP_IntHandlerTIM4)
    BSP_IntHandlerTIM5                       0x080008d5   Thumb Code    10  bsp_int.o(i.BSP_IntHandlerTIM5)
    BSP_IntHandlerTIM6_DAC                   0x080008df   Thumb Code    10  bsp_int.o(i.BSP_IntHandlerTIM6_DAC)
    BSP_IntHandlerTIM7                       0x080008e9   Thumb Code    10  bsp_int.o(i.BSP_IntHandlerTIM7)
    BSP_IntHandlerTIM8_BRK_TIM12             0x080008f3   Thumb Code    10  bsp_int.o(i.BSP_IntHandlerTIM8_BRK_TIM12)
    BSP_IntHandlerTIM8_CC                    0x080008fd   Thumb Code    10  bsp_int.o(i.BSP_IntHandlerTIM8_CC)
    BSP_IntHandlerTIM8_TRG_COM_TIM14         0x08000907   Thumb Code    10  bsp_int.o(i.BSP_IntHandlerTIM8_TRG_COM_TIM14)
    BSP_IntHandlerTIM8_UP_TIM13              0x08000911   Thumb Code    10  bsp_int.o(i.BSP_IntHandlerTIM8_UP_TIM13)
    BSP_IntHandlerUART7                      0x0800091b   Thumb Code    10  bsp_int.o(i.BSP_IntHandlerUART7)
    BSP_IntHandlerUART8                      0x08000925   Thumb Code    10  bsp_int.o(i.BSP_IntHandlerUART8)
    BSP_IntHandlerUSART1                     0x0800092f   Thumb Code    10  bsp_int.o(i.BSP_IntHandlerUSART1)
    BSP_IntHandlerUSART2                     0x08000939   Thumb Code    10  bsp_int.o(i.BSP_IntHandlerUSART2)
    BSP_IntHandlerUSART3                     0x08000943   Thumb Code    10  bsp_int.o(i.BSP_IntHandlerUSART3)
    BSP_IntHandlerUSART4                     0x0800094d   Thumb Code    10  bsp_int.o(i.BSP_IntHandlerUSART4)
    BSP_IntHandlerUSART5                     0x08000957   Thumb Code    10  bsp_int.o(i.BSP_IntHandlerUSART5)
    BSP_IntHandlerUSART6                     0x08000961   Thumb Code    10  bsp_int.o(i.BSP_IntHandlerUSART6)
    BSP_IntHandlerWWDG                       0x0800096b   Thumb Code    10  bsp_int.o(i.BSP_IntHandlerWWDG)
    BSP_IntInit                              0x08000975   Thumb Code    22  bsp_int.o(i.BSP_IntInit)
    BSP_IntVectSet                           0x08000991   Thumb Code    48  bsp_int.o(i.BSP_IntVectSet)
    BSP_PeriphEn                             0x08000a55   Thumb Code   428  bsp_periph.o(i.BSP_PeriphEn)
    BSP_Tick_Init                            0x08000c05   Thumb Code    24  bsp.o(i.BSP_Tick_Init)
    CPU_Init                                 0x08000c21   Thumb Code    12  cpu_core.o(i.CPU_Init)
    CPU_IntSrcEn                             0x08000c2d   Thumb Code   328  cpu_c.o(i.CPU_IntSrcEn)
    CPU_NameClr                              0x08000d79   Thumb Code    42  cpu_core.o(i.CPU_NameClr)
    CPU_SW_Exception                         0x08000db1   Thumb Code     4  cpu_core.o(i.CPU_SW_Exception)
    CPU_TS_TmrFreqSet                        0x08000dc9   Thumb Code     6  cpu_core.o(i.CPU_TS_TmrFreqSet)
    CPU_TS_TmrInit                           0x08000dd5   Thumb Code    44  bsp.o(i.CPU_TS_TmrInit)
    CPU_TS_TmrRd                             0x08000e09   Thumb Code     6  bsp.o(i.CPU_TS_TmrRd)
    EXTI_Init                                0x08000e15   Thumb Code   142  stm32f4xx_exti.o(i.EXTI_Init)
    GPIO_Init                                0x08000ea9   Thumb Code   144  stm32f4xx_gpio.o(i.GPIO_Init)
    GPIO_PinAFConfig                         0x08000f39   Thumb Code    70  stm32f4xx_gpio.o(i.GPIO_PinAFConfig)
    GPIO_ReadInputDataBit                    0x08000f7f   Thumb Code    18  stm32f4xx_gpio.o(i.GPIO_ReadInputDataBit)
    GPIO_ToggleBits                          0x08000f91   Thumb Code     8  stm32f4xx_gpio.o(i.GPIO_ToggleBits)
    GPIO_WriteBit                            0x08000f99   Thumb Code    10  stm32f4xx_gpio.o(i.GPIO_WriteBit)
    Gec_GPIO_Get_Value                       0x08000fa3   Thumb Code    16  gec_gpio.o(i.Gec_GPIO_Get_Value)
    Gec_GPIO_Init                            0x08000fb3   Thumb Code   166  gec_gpio.o(i.Gec_GPIO_Init)
    Gec_GPIO_Set_Value                       0x08001059   Thumb Code    28  gec_gpio.o(i.Gec_GPIO_Set_Value)
    Gec_UART_Init                            0x08001075   Thumb Code   368  gec_uart.o(i.Gec_UART_Init)
    Math_Init                                0x080011f9   Thumb Code    10  lib_math.o(i.Math_Init)
    Math_RandSetSeed                         0x08001205   Thumb Code    40  lib_math.o(i.Math_RandSetSeed)
    Mem_Clr                                  0x08001231   Thumb Code    18  lib_mem.o(i.Mem_Clr)
    Mem_Init                                 0x08001245   Thumb Code    54  lib_mem.o(i.Mem_Init)
    Mem_SegCreate                            0x08001291   Thumb Code    74  lib_mem.o(i.Mem_SegCreate)
    Mem_Set                                  0x080012fd   Thumb Code    84  lib_mem.o(i.Mem_Set)
    NVIC_PriorityGroupConfig                 0x08001351   Thumb Code    10  misc.o(i.NVIC_PriorityGroupConfig)
    OSCfg_Init                               0x08001365   Thumb Code     2  os_cfg_app.o(i.OSCfg_Init)
    OSIdleTaskHook                           0x08001369   Thumb Code    16  os_cpu_c.o(i.OSIdleTaskHook)
    OSInit                                   0x0800137d   Thumb Code   288  os_core.o(i.OSInit)
    OSInitHook                               0x080014fd   Thumb Code    28  os_cpu_c.o(i.OSInitHook)
    OSIntEnter                               0x08001525   Thumb Code    34  os_core.o(i.OSIntEnter)
    OSIntExit                                0x08001551   Thumb Code   188  os_core.o(i.OSIntExit)
    OSMutexCreate                            0x0800162d   Thumb Code   102  os_mutex.o(i.OSMutexCreate)
    OSMutexPend                              0x0800169d   Thumb Code   450  os_mutex.o(i.OSMutexPend)
    OSMutexPost                              0x0800186d   Thumb Code   384  os_mutex.o(i.OSMutexPost)
    OSSched                                  0x080019f9   Thumb Code   134  os_core.o(i.OSSched)
    OSSchedLock                              0x08001a9d   Thumb Code    88  os_core.o(i.OSSchedLock)
    OSSchedRoundRobinCfg                     0x08001afd   Thumb Code    88  os_core.o(i.OSSchedRoundRobinCfg)
    OSSchedUnlock                            0x08001b61   Thumb Code   120  os_core.o(i.OSSchedUnlock)
    OSStart                                  0x08001be1   Thumb Code    78  os_core.o(i.OSStart)
    OSStatReset                              0x08001c49   Thumb Code   262  os_stat.o(i.OSStatReset)
    OSStatTaskHook                           0x08001d71   Thumb Code    16  os_cpu_c.o(i.OSStatTaskHook)
    OSTaskCreate                             0x08001d85   Thumb Code   402  os_task.o(i.OSTaskCreate)
    OSTaskCreateHook                         0x08001f2d   Thumb Code    20  os_cpu_c.o(i.OSTaskCreateHook)
    OSTaskDel                                0x08001f45   Thumb Code   380  os_task.o(i.OSTaskDel)
    OSTaskDelHook                            0x080020cd   Thumb Code    20  os_cpu_c.o(i.OSTaskDelHook)
    OSTaskReturnHook                         0x080020e5   Thumb Code    20  os_cpu_c.o(i.OSTaskReturnHook)
    OSTaskSemPend                            0x080020fd   Thumb Code   446  os_task.o(i.OSTaskSemPend)
    OSTaskSemPost                            0x080022c5   Thumb Code    62  os_task.o(i.OSTaskSemPost)
    OSTaskStkChk                             0x08002305   Thumb Code   188  os_task.o(i.OSTaskStkChk)
    OSTaskStkInit                            0x080023c5   Thumb Code   600  os_cpu_c.o(i.OSTaskStkInit)
    OSTaskSwHook                             0x08002689   Thumb Code   168  os_cpu_c.o(i.OSTaskSwHook)
    OSTimeDly                                0x08002741   Thumb Code   156  os_time.o(i.OSTimeDly)
    OSTimeTick                               0x080027e5   Thumb Code    68  os_time.o(i.OSTimeTick)
    OSTimeTickHook                           0x08002841   Thumb Code    16  os_cpu_c.o(i.OSTimeTickHook)
    OS_CPU_SysTickHandler                    0x08002855   Thumb Code    62  os_cpu_c.o(i.OS_CPU_SysTickHandler)
    OS_CPU_SysTickInit                       0x0800289d   Thumb Code    44  os_cpu_c.o(i.OS_CPU_SysTickInit)
    OS_Dbg_Init                              0x080028cd   Thumb Code   146  os_dbg.o(i.OS_Dbg_Init)
    OS_FlagInit                              0x08002a75   Thumb Code    14  os_flag.o(i.OS_FlagInit)
    OS_IdleTask                              0x08002a8d   Thumb Code    58  os_core.o(i.OS_IdleTask)
    OS_IdleTaskInit                          0x08002ad1   Thumb Code    66  os_core.o(i.OS_IdleTaskInit)
    OS_MemInit                               0x08002b41   Thumb Code    14  os_mem.o(i.OS_MemInit)
    OS_MsgPoolInit                           0x08002b59   Thumb Code   110  os_msg.o(i.OS_MsgPoolInit)
    OS_MsgQFreeAll                           0x08002bd5   Thumb Code    62  os_msg.o(i.OS_MsgQFreeAll)
    OS_MsgQInit                              0x08002c19   Thumb Code    14  os_msg.o(i.OS_MsgQInit)
    OS_MutexDbgListAdd                       0x08002c29   Thumb Code    38  os_mutex.o(i.OS_MutexDbgListAdd)
    OS_MutexGrpAdd                           0x08002c59   Thumb Code     8  os_mutex.o(i.OS_MutexGrpAdd)
    OS_MutexGrpPostAll                       0x08002c61   Thumb Code    96  os_mutex.o(i.OS_MutexGrpPostAll)
    OS_MutexGrpPrioFindHighest               0x08002cc1   Thumb Code    44  os_mutex.o(i.OS_MutexGrpPrioFindHighest)
    OS_MutexGrpRemove                        0x08002ced   Thumb Code    28  os_mutex.o(i.OS_MutexGrpRemove)
    OS_MutexInit                             0x08002d09   Thumb Code    14  os_mutex.o(i.OS_MutexInit)
    OS_Pend                                  0x08002d21   Thumb Code   100  os_core.o(i.OS_Pend)
    OS_PendDataInit                          0x08002d89   Thumb Code    40  os_core.o(i.OS_PendDataInit)
    OS_PendDbgNameAdd                        0x08002db1   Thumb Code    66  os_core.o(i.OS_PendDbgNameAdd)
    OS_PendDbgNameRemove                     0x08002e0d   Thumb Code    30  os_core.o(i.OS_PendDbgNameRemove)
    OS_PendListChangePrio                    0x08002e31   Thumb Code    58  os_core.o(i.OS_PendListChangePrio)
    OS_PendListInit                          0x08002e6b   Thumb Code    10  os_core.o(i.OS_PendListInit)
    OS_PendListInsertPrio                    0x08002e75   Thumb Code   102  os_core.o(i.OS_PendListInsertPrio)
    OS_PendListRemove                        0x08002edb   Thumb Code    52  os_core.o(i.OS_PendListRemove)
    OS_PendListRemove1                       0x08002f0f   Thumb Code    66  os_core.o(i.OS_PendListRemove1)
    OS_Post                                  0x08002f51   Thumb Code   214  os_core.o(i.OS_Post)
    OS_Post1                                 0x08003027   Thumb Code    44  os_core.o(i.OS_Post1)
    OS_PrioGetHighest                        0x08003055   Thumb Code    36  os_prio.o(i.OS_PrioGetHighest)
    OS_PrioInit                              0x0800307d   Thumb Code    20  os_prio.o(i.OS_PrioInit)
    OS_PrioInsert                            0x08003095   Thumb Code    32  os_prio.o(i.OS_PrioInsert)
    OS_PrioRemove                            0x080030b9   Thumb Code    32  os_prio.o(i.OS_PrioRemove)
    OS_QInit                                 0x080030dd   Thumb Code    14  os_q.o(i.OS_QInit)
    OS_RdyListInit                           0x080030f5   Thumb Code    32  os_core.o(i.OS_RdyListInit)
    OS_RdyListInsert                         0x08003119   Thumb Code    40  os_core.o(i.OS_RdyListInsert)
    OS_RdyListInsertHead                     0x08003145   Thumb Code    58  os_core.o(i.OS_RdyListInsertHead)
    OS_RdyListInsertTail                     0x08003185   Thumb Code    56  os_core.o(i.OS_RdyListInsertTail)
    OS_RdyListMoveHeadToTail                 0x080031c1   Thumb Code    68  os_core.o(i.OS_RdyListMoveHeadToTail)
    OS_RdyListRemove                         0x08003205   Thumb Code    86  os_core.o(i.OS_RdyListRemove)
    OS_SchedLockTimeMeasStart                0x08003261   Thumb Code    20  os_core.o(i.OS_SchedLockTimeMeasStart)
    OS_SchedLockTimeMeasStop                 0x0800327d   Thumb Code    44  os_core.o(i.OS_SchedLockTimeMeasStop)
    OS_SchedRoundRobin                       0x080032b9   Thumb Code   190  os_core.o(i.OS_SchedRoundRobin)
    OS_SemInit                               0x08003389   Thumb Code    14  os_sem.o(i.OS_SemInit)
    OS_StatTask                              0x080033a1   Thumb Code   684  os_stat.o(i.OS_StatTask)
    OS_StatTaskInit                          0x08003689   Thumb Code   136  os_stat.o(i.OS_StatTaskInit)
    OS_TaskBlock                             0x08003755   Thumb Code    40  os_core.o(i.OS_TaskBlock)
    OS_TaskChangePrio                        0x08003781   Thumb Code   232  os_task.o(i.OS_TaskChangePrio)
    OS_TaskDbgListAdd                        0x0800386d   Thumb Code    42  os_task.o(i.OS_TaskDbgListAdd)
    OS_TaskDbgListRemove                     0x0800389d   Thumb Code    64  os_task.o(i.OS_TaskDbgListRemove)
    OS_TaskInit                              0x080038e1   Thumb Code    18  os_task.o(i.OS_TaskInit)
    OS_TaskInitTCB                           0x08003901   Thumb Code   184  os_task.o(i.OS_TaskInitTCB)
    OS_TaskReturn                            0x080039c5   Thumb Code    20  os_task.o(i.OS_TaskReturn)
    OS_TaskSemPost                           0x080039dd   Thumb Code   448  os_task.o(i.OS_TaskSemPost)
    OS_TickListInsert                        0x08003ba1   Thumb Code   134  os_tick.o(i.OS_TickListInsert)
    OS_TickListInsertDly                     0x08003c29   Thumb Code   180  os_tick.o(i.OS_TickListInsertDly)
    OS_TickListRemove                        0x08003ce5   Thumb Code    88  os_tick.o(i.OS_TickListRemove)
    OS_TickListResetPeak                     0x08003d3d   Thumb Code     2  os_tick.o(i.OS_TickListResetPeak)
    OS_TickTask                              0x08003eed   Thumb Code    90  os_tick.o(i.OS_TickTask)
    OS_TickTaskInit                          0x08003f51   Thumb Code   140  os_tick.o(i.OS_TickTaskInit)
    OS_TmrInit                               0x08004019   Thumb Code   200  os_tmr.o(i.OS_TmrInit)
    OS_TmrResetPeak                          0x08004165   Thumb Code     2  os_tmr.o(i.OS_TmrResetPeak)
    OS_TmrTask                               0x08004169   Thumb Code   134  os_tmr.o(i.OS_TmrTask)
    OS_TmrUnlink                             0x080041fd   Thumb Code    58  os_tmr.o(i.OS_TmrUnlink)
    RCC_AHB1PeriphClockCmd                   0x08004255   Thumb Code    26  stm32f4xx_rcc.o(i.RCC_AHB1PeriphClockCmd)
    RCC_APB1PeriphClockCmd                   0x08004275   Thumb Code    26  stm32f4xx_rcc.o(i.RCC_APB1PeriphClockCmd)
    RCC_APB2PeriphClockCmd                   0x08004295   Thumb Code    26  stm32f4xx_rcc.o(i.RCC_APB2PeriphClockCmd)
    RCC_GetClocksFreq                        0x080042b5   Thumb Code   214  stm32f4xx_rcc.o(i.RCC_GetClocksFreq)
    SYSCFG_EXTILineConfig                    0x0800439d   Thumb Code    60  stm32f4xx_syscfg.o(i.SYSCFG_EXTILineConfig)
    Serial_Rcv                               0x080043dd   Thumb Code    38  bt_1.o(i.Serial_Rcv)
    USART_ClearITPendingBit                  0x0800440d   Thumb Code    30  stm32f4xx_usart.o(i.USART_ClearITPendingBit)
    USART_Cmd                                0x0800442b   Thumb Code    24  stm32f4xx_usart.o(i.USART_Cmd)
    USART_GetITStatus                        0x08004443   Thumb Code    84  stm32f4xx_usart.o(i.USART_GetITStatus)
    USART_ITConfig                           0x08004497   Thumb Code    74  stm32f4xx_usart.o(i.USART_ITConfig)
    USART_Init                               0x080044e1   Thumb Code   204  stm32f4xx_usart.o(i.USART_Init)
    USART_ReceiveData                        0x080045b5   Thumb Code    10  stm32f4xx_usart.o(i.USART_ReceiveData)
    bt_Ctrl                                  0x080045c1   Thumb Code    84  bt_1.o(i.bt_Ctrl)
    bt_Init                                  0x0800461d   Thumb Code    36  bt_1.o(i.bt_Init)
    car_back                                 0x08004649   Thumb Code    12  motor.o(i.car_back)
    car_ctrl_init                            0x08004655   Thumb Code    70  motor.o(i.car_ctrl_init)
    car_forward                              0x080046a1   Thumb Code    12  motor.o(i.car_forward)
    car_stop                                 0x080046ad   Thumb Code    12  motor.o(i.car_stop)
    get_front_state                          0x080046dd   Thumb Code    16  track.o(i.get_front_state)
    get_left_state                           0x080048d5   Thumb Code    18  track.o(i.get_left_state)
    get_right_state                          0x080048ed   Thumb Code    16  track.o(i.get_right_state)
    left_back                                0x08004951   Thumb Code    16  motor.o(i.left_back)
    left_forward                             0x08004961   Thumb Code    16  motor.o(i.left_forward)
    left_stop                                0x08004971   Thumb Code    16  motor.o(i.left_stop)
    main                                     0x08004981   Thumb Code   102  app.o(i.main)
    right_back                               0x080049fd   Thumb Code    16  motor.o(i.right_back)
    right_forward                            0x08004a0d   Thumb Code    16  motor.o(i.right_forward)
    right_stop                               0x08004a1d   Thumb Code    16  motor.o(i.right_stop)
    set_LA                                   0x08004a2d   Thumb Code    16  motor.o(i.set_LA)
    set_LB                                   0x08004a41   Thumb Code    16  motor.o(i.set_LB)
    set_RA                                   0x08004a55   Thumb Code    18  motor.o(i.set_RA)
    set_RB                                   0x08004a6d   Thumb Code    18  motor.o(i.set_RB)
    task1_rountine                           0x08004a85   Thumb Code    40  app.o(i.task1_rountine)
    track                                    0x08004ab1   Thumb Code    82  track.o(i.track)
    track_init                               0x08004b09   Thumb Code    36  track.o(i.track_init)
    turn_left                                0x08004b39   Thumb Code    12  motor.o(i.turn_left)
    turn_right                               0x08004b45   Thumb Code    12  motor.o(i.turn_right)
    _fp_init                                 0x08004b51   Thumb Code    10  fpinit.o(x$fpl$fpinit)
    __fplib_config_fpu_vfp                   0x08004b59   Thumb Code     0  fpinit.o(x$fpl$fpinit)
    __fplib_config_pureend_doubles           0x08004b59   Thumb Code     0  fpinit.o(x$fpl$fpinit)
    OSCfg_IdleTaskStkBasePtr                 0x08004b5c   Data           4  os_cfg_app.o(.constdata)
    OSCfg_IdleTaskStkLimit                   0x08004b60   Data           4  os_cfg_app.o(.constdata)
    OSCfg_IdleTaskStkSize                    0x08004b64   Data           4  os_cfg_app.o(.constdata)
    OSCfg_IdleTaskStkSizeRAM                 0x08004b68   Data           4  os_cfg_app.o(.constdata)
    OSCfg_IntQBasePtr                        0x08004b6c   Data           4  os_cfg_app.o(.constdata)
    OSCfg_IntQSize                           0x08004b70   Data           2  os_cfg_app.o(.constdata)
    OSCfg_IntQSizeRAM                        0x08004b74   Data           4  os_cfg_app.o(.constdata)
    OSCfg_IntQTaskStkBasePtr                 0x08004b78   Data           4  os_cfg_app.o(.constdata)
    OSCfg_IntQTaskStkLimit                   0x08004b7c   Data           4  os_cfg_app.o(.constdata)
    OSCfg_IntQTaskStkSize                    0x08004b80   Data           4  os_cfg_app.o(.constdata)
    OSCfg_IntQTaskStkSizeRAM                 0x08004b84   Data           4  os_cfg_app.o(.constdata)
    OSCfg_ISRStkBasePtr                      0x08004b88   Data           4  os_cfg_app.o(.constdata)
    OSCfg_ISRStkSize                         0x08004b8c   Data           4  os_cfg_app.o(.constdata)
    OSCfg_ISRStkSizeRAM                      0x08004b90   Data           4  os_cfg_app.o(.constdata)
    OSCfg_MsgPoolSize                        0x08004b94   Data           2  os_cfg_app.o(.constdata)
    OSCfg_MsgPoolSizeRAM                     0x08004b98   Data           4  os_cfg_app.o(.constdata)
    OSCfg_MsgPoolBasePtr                     0x08004b9c   Data           4  os_cfg_app.o(.constdata)
    OSCfg_StatTaskPrio                       0x08004ba0   Data           1  os_cfg_app.o(.constdata)
    OSCfg_StatTaskRate_Hz                    0x08004ba4   Data           4  os_cfg_app.o(.constdata)
    OSCfg_StatTaskStkBasePtr                 0x08004ba8   Data           4  os_cfg_app.o(.constdata)
    OSCfg_StatTaskStkLimit                   0x08004bac   Data           4  os_cfg_app.o(.constdata)
    OSCfg_StatTaskStkSize                    0x08004bb0   Data           4  os_cfg_app.o(.constdata)
    OSCfg_StatTaskStkSizeRAM                 0x08004bb4   Data           4  os_cfg_app.o(.constdata)
    OSCfg_StkSizeMin                         0x08004bb8   Data           4  os_cfg_app.o(.constdata)
    OSCfg_TickRate_Hz                        0x08004bbc   Data           4  os_cfg_app.o(.constdata)
    OSCfg_TickTaskPrio                       0x08004bc0   Data           1  os_cfg_app.o(.constdata)
    OSCfg_TickTaskStkBasePtr                 0x08004bc4   Data           4  os_cfg_app.o(.constdata)
    OSCfg_TickTaskStkLimit                   0x08004bc8   Data           4  os_cfg_app.o(.constdata)
    OSCfg_TickTaskStkSize                    0x08004bcc   Data           4  os_cfg_app.o(.constdata)
    OSCfg_TickTaskStkSizeRAM                 0x08004bd0   Data           4  os_cfg_app.o(.constdata)
    OSCfg_TmrTaskPrio                        0x08004bd4   Data           1  os_cfg_app.o(.constdata)
    OSCfg_TmrTaskRate_Hz                     0x08004bd8   Data           4  os_cfg_app.o(.constdata)
    OSCfg_TmrTaskStkBasePtr                  0x08004bdc   Data           4  os_cfg_app.o(.constdata)
    OSCfg_TmrTaskStkLimit                    0x08004be0   Data           4  os_cfg_app.o(.constdata)
    OSCfg_TmrTaskStkSize                     0x08004be4   Data           4  os_cfg_app.o(.constdata)
    OSCfg_TmrTaskStkSizeRAM                  0x08004be8   Data           4  os_cfg_app.o(.constdata)
    OSCfg_DataSizeRAM                        0x08004bec   Data           4  os_cfg_app.o(.constdata)
    OSDbg_DbgEn                              0x08004bf0   Data           1  os_dbg.o(.constdata)
    OSDbg_ArgChkEn                           0x08004bf1   Data           1  os_dbg.o(.constdata)
    OSDbg_AppHooksEn                         0x08004bf2   Data           1  os_dbg.o(.constdata)
    OSDbg_EndiannessTest                     0x08004bf4   Data           4  os_dbg.o(.constdata)
    OSDbg_CalledFromISRChkEn                 0x08004bf8   Data           1  os_dbg.o(.constdata)
    OSDbg_FlagEn                             0x08004bf9   Data           1  os_dbg.o(.constdata)
    OSDbg_FlagGrp                            0x08004bfc   Data          40  os_dbg.o(.constdata)
    OSDbg_FlagDelEn                          0x08004c24   Data           1  os_dbg.o(.constdata)
    OSDbg_FlagModeClrEn                      0x08004c25   Data           1  os_dbg.o(.constdata)
    OSDbg_FlagPendAbortEn                    0x08004c26   Data           1  os_dbg.o(.constdata)
    OSDbg_FlagGrpSize                        0x08004c28   Data           2  os_dbg.o(.constdata)
    OSDbg_FlagWidth                          0x08004c2a   Data           2  os_dbg.o(.constdata)
    OSDbg_IntQ                               0x08004c2c   Data           2  os_dbg.o(.constdata)
    OSDbg_ISRPostDeferredEn                  0x08004c2e   Data           1  os_dbg.o(.constdata)
    OSDbg_Mem                                0x08004c30   Data          32  os_dbg.o(.constdata)
    OSDbg_MemEn                              0x08004c50   Data           1  os_dbg.o(.constdata)
    OSDbg_MemSize                            0x08004c52   Data           2  os_dbg.o(.constdata)
    OSDbg_MsgEn                              0x08004c54   Data           1  os_dbg.o(.constdata)
    OSDbg_MsgSize                            0x08004c56   Data           2  os_dbg.o(.constdata)
    OSDbg_MsgPoolSize                        0x08004c58   Data           2  os_dbg.o(.constdata)
    OSDbg_MsgQSize                           0x08004c5a   Data           2  os_dbg.o(.constdata)
    OSDbg_Mutex                              0x08004c5c   Data          48  os_dbg.o(.constdata)
    OSDbg_MutexEn                            0x08004c8c   Data           1  os_dbg.o(.constdata)
    OSDbg_MutexDelEn                         0x08004c8d   Data           1  os_dbg.o(.constdata)
    OSDbg_MutexPendAbortEn                   0x08004c8e   Data           1  os_dbg.o(.constdata)
    OSDbg_MutexSize                          0x08004c90   Data           2  os_dbg.o(.constdata)
    OSDbg_ObjTypeChkEn                       0x08004c92   Data           1  os_dbg.o(.constdata)
    OSDbg_PendMultiEn                        0x08004c93   Data           1  os_dbg.o(.constdata)
    OSDbg_PendDataSize                       0x08004c94   Data           2  os_dbg.o(.constdata)
    OSDbg_PendListSize                       0x08004c96   Data           2  os_dbg.o(.constdata)
    OSDbg_PendObjSize                        0x08004c98   Data           2  os_dbg.o(.constdata)
    OSDbg_PrioMax                            0x08004c9a   Data           2  os_dbg.o(.constdata)
    OSDbg_PrioTblSize                        0x08004c9c   Data           2  os_dbg.o(.constdata)
    OSDbg_PtrSize                            0x08004c9e   Data           2  os_dbg.o(.constdata)
    OSDbg_Q                                  0x08004ca0   Data          48  os_dbg.o(.constdata)
    OSDbg_QEn                                0x08004cd0   Data           1  os_dbg.o(.constdata)
    OSDbg_QDelEn                             0x08004cd1   Data           1  os_dbg.o(.constdata)
    OSDbg_QFlushEn                           0x08004cd2   Data           1  os_dbg.o(.constdata)
    OSDbg_QPendAbortEn                       0x08004cd3   Data           1  os_dbg.o(.constdata)
    OSDbg_QSize                              0x08004cd4   Data           2  os_dbg.o(.constdata)
    OSDbg_SchedRoundRobinEn                  0x08004cd6   Data           1  os_dbg.o(.constdata)
    OSDbg_Sem                                0x08004cd8   Data          40  os_dbg.o(.constdata)
    OSDbg_SemEn                              0x08004d00   Data           1  os_dbg.o(.constdata)
    OSDbg_SemDelEn                           0x08004d01   Data           1  os_dbg.o(.constdata)
    OSDbg_SemPendAbortEn                     0x08004d02   Data           1  os_dbg.o(.constdata)
    OSDbg_SemSetEn                           0x08004d03   Data           1  os_dbg.o(.constdata)
    OSDbg_SemSize                            0x08004d04   Data           2  os_dbg.o(.constdata)
    OSDbg_RdyList                            0x08004d06   Data           2  os_dbg.o(.constdata)
    OSDbg_RdyListSize                        0x08004d08   Data           4  os_dbg.o(.constdata)
    OSDbg_StkWidth                           0x08004d0c   Data           1  os_dbg.o(.constdata)
    OSDbg_StatTaskEn                         0x08004d0d   Data           1  os_dbg.o(.constdata)
    OSDbg_StatTaskStkChkEn                   0x08004d0e   Data           1  os_dbg.o(.constdata)
    OSDbg_TaskChangePrioEn                   0x08004d0f   Data           1  os_dbg.o(.constdata)
    OSDbg_TaskDelEn                          0x08004d10   Data           1  os_dbg.o(.constdata)
    OSDbg_TaskQEn                            0x08004d11   Data           1  os_dbg.o(.constdata)
    OSDbg_TaskQPendAbortEn                   0x08004d12   Data           1  os_dbg.o(.constdata)
    OSDbg_TaskProfileEn                      0x08004d13   Data           1  os_dbg.o(.constdata)
    OSDbg_TaskRegTblSize                     0x08004d14   Data           2  os_dbg.o(.constdata)
    OSDbg_TaskSemPendAbortEn                 0x08004d16   Data           1  os_dbg.o(.constdata)
    OSDbg_TaskSuspendEn                      0x08004d17   Data           1  os_dbg.o(.constdata)
    OSDbg_TCBSize                            0x08004d18   Data           2  os_dbg.o(.constdata)
    OSDbg_TickListSize                       0x08004d1a   Data           2  os_dbg.o(.constdata)
    OSDbg_TimeDlyHMSMEn                      0x08004d1c   Data           1  os_dbg.o(.constdata)
    OSDbg_TimeDlyResumeEn                    0x08004d1d   Data           1  os_dbg.o(.constdata)
    OSDbg_TLS_TblSize                        0x08004d1e   Data           2  os_dbg.o(.constdata)
    OSDbg_Tmr                                0x08004d20   Data          48  os_dbg.o(.constdata)
    OSDbg_TmrEn                              0x08004d50   Data           1  os_dbg.o(.constdata)
    OSDbg_TmrDelEn                           0x08004d51   Data           1  os_dbg.o(.constdata)
    OSDbg_TmrSize                            0x08004d52   Data           2  os_dbg.o(.constdata)
    OSDbg_VersionNbr                         0x08004d54   Data           2  os_dbg.o(.constdata)
    OSDbg_DataSize                           0x08004d58   Data           4  os_dbg.o(.constdata)
    Region$$Table$$Base                      0x08004d5c   Number         0  anon$$obj.o(Region$$Table)
    Region$$Table$$Limit                     0x08004d7c   Number         0  anon$$obj.o(Region$$Table)
    CPU_TS_TmrFreq_Hz                        0x20000010   Data           4  cpu_core.o(.data)
    Math_RandSeedCur                         0x20000014   Data           4  lib_math.o(.data)
    Mem_SegHeadPtr                           0x20000018   Data           4  lib_mem.o(.data)
    OS_CPU_ExceptStkBase                     0x2000001c   Data           4  os_cpu_c.o(.data)
    OSPrioTbl                                0x20000020   Data           8  os_prio.o(.data)
    OS_AppTaskCreateHookPtr                  0x20000028   Data           4  os_var.o(.data)
    OS_AppTaskDelHookPtr                     0x2000002c   Data           4  os_var.o(.data)
    OS_AppTaskReturnHookPtr                  0x20000030   Data           4  os_var.o(.data)
    OS_AppIdleTaskHookPtr                    0x20000034   Data           4  os_var.o(.data)
    OS_AppStatTaskHookPtr                    0x20000038   Data           4  os_var.o(.data)
    OS_AppTaskSwHookPtr                      0x2000003c   Data           4  os_var.o(.data)
    OS_AppTimeTickHookPtr                    0x20000040   Data           4  os_var.o(.data)
    OSIdleTaskCtr                            0x20000044   Data           4  os_var.o(.data)
    OSIntNestingCtr                          0x20000048   Data           1  os_var.o(.data)
    OSRunning                                0x20000049   Data           1  os_var.o(.data)
    OSFlagDbgListPtr                         0x2000004c   Data           4  os_var.o(.data)
    OSFlagQty                                0x20000050   Data           2  os_var.o(.data)
    OSMemDbgListPtr                          0x20000054   Data           4  os_var.o(.data)
    OSMemQty                                 0x20000058   Data           2  os_var.o(.data)
    OSMutexDbgListPtr                        0x2000005c   Data           4  os_var.o(.data)
    OSMutexQty                               0x20000060   Data           2  os_var.o(.data)
    OSPrioCur                                0x20000062   Data           1  os_var.o(.data)
    OSPrioHighRdy                            0x20000063   Data           1  os_var.o(.data)
    OSPrioSaved                              0x20000064   Data           1  os_var.o(.data)
    OSQDbgListPtr                            0x20000068   Data           4  os_var.o(.data)
    OSQQty                                   0x2000006c   Data           2  os_var.o(.data)
    OSSchedLockTimeBegin                     0x20000070   Data           4  os_var.o(.data)
    OSSchedLockTimeMax                       0x20000074   Data           4  os_var.o(.data)
    OSSchedLockTimeMaxCur                    0x20000078   Data           4  os_var.o(.data)
    OSSchedLockNestingCtr                    0x2000007c   Data           1  os_var.o(.data)
    OSSchedRoundRobinDfltTimeQuanta          0x20000080   Data           4  os_var.o(.data)
    OSSchedRoundRobinEn                      0x20000084   Data           1  os_var.o(.data)
    OSSemDbgListPtr                          0x20000088   Data           4  os_var.o(.data)
    OSSemQty                                 0x2000008c   Data           2  os_var.o(.data)
    OSStatResetFlag                          0x2000008e   Data           1  os_var.o(.data)
    OSStatTaskCPUUsage                       0x20000090   Data           2  os_var.o(.data)
    OSStatTaskCPUUsageMax                    0x20000092   Data           2  os_var.o(.data)
    OSStatTaskCtr                            0x20000094   Data           4  os_var.o(.data)
    OSStatTaskCtrMax                         0x20000098   Data           4  os_var.o(.data)
    OSStatTaskCtrRun                         0x2000009c   Data           4  os_var.o(.data)
    OSStatTaskRdy                            0x200000a0   Data           1  os_var.o(.data)
    OSStatTaskTimeMax                        0x200000a4   Data           4  os_var.o(.data)
    OSTaskCtxSwCtr                           0x200000a8   Data           4  os_var.o(.data)
    OSTaskDbgListPtr                         0x200000ac   Data           4  os_var.o(.data)
    OSTaskQty                                0x200000b0   Data           2  os_var.o(.data)
    OSTaskRegNextAvailID                     0x200000b2   Data           1  os_var.o(.data)
    OSTickCtr                                0x200000b4   Data           4  os_var.o(.data)
    OSTickTaskTimeMax                        0x200000b8   Data           4  os_var.o(.data)
    OSTickListDly                            0x200000bc   Data           8  os_var.o(.data)
    OSTickListTimeout                        0x200000c4   Data           8  os_var.o(.data)
    OSTmrDbgListPtr                          0x200000cc   Data           4  os_var.o(.data)
    OSTmrListEntries                         0x200000d0   Data           2  os_var.o(.data)
    OSTmrListPtr                             0x200000d4   Data           4  os_var.o(.data)
    OSTmrQty                                 0x200000d8   Data           2  os_var.o(.data)
    OSTmrTaskTimeMax                         0x200000dc   Data           4  os_var.o(.data)
    OSTmrTickCtr                             0x200000e0   Data           4  os_var.o(.data)
    OSTmrUpdateCnt                           0x200000e4   Data           4  os_var.o(.data)
    OSTmrUpdateCtr                           0x200000e8   Data           4  os_var.o(.data)
    OSTCBCurPtr                              0x200000ec   Data           4  os_var.o(.data)
    OSTCBHighRdyPtr                          0x200000f0   Data           4  os_var.o(.data)
    SerialData                               0x200000f4   Data           1  app.o(.data)
    RunMode                                  0x200000f5   Data           1  app.o(.data)
    CPU_Name                                 0x20000264   Data          16  cpu_core.o(.bss)
    Mem_Heap                                 0x20000274   Data        3072  lib_mem.o(.bss)
    Mem_SegHeap                              0x20000e74   Data          20  lib_mem.o(.bss)
    OSCfg_IdleTaskStk                        0x20000e88   Data         256  os_cfg_app.o(.bss)
    OSCfg_ISRStk                             0x20000f88   Data         400  os_cfg_app.o(.bss)
    OSCfg_MsgPool                            0x20001118   Data        1600  os_cfg_app.o(.bss)
    OSCfg_StatTaskStk                        0x20001758   Data         400  os_cfg_app.o(.bss)
    OSCfg_TickTaskStk                        0x200018e8   Data         400  os_cfg_app.o(.bss)
    OSCfg_TmrTaskStk                         0x20001a78   Data         400  os_cfg_app.o(.bss)
    OSIdleTaskTCB                            0x20001c08   Data         200  os_var.o(.bss)
    OSMsgPool                                0x20001cd0   Data          12  os_var.o(.bss)
    OSRdyList                                0x20001cdc   Data         768  os_var.o(.bss)
    OSStatTaskTCB                            0x20001fdc   Data         200  os_var.o(.bss)
    OSTickTaskTCB                            0x200020a4   Data         200  os_var.o(.bss)
    OSTmrMutex                               0x2000216c   Data          48  os_var.o(.bss)
    OSTmrTaskTCB                             0x2000219c   Data         200  os_var.o(.bss)
    tcb1                                     0x20002264   Data         200  app.o(.bss)
    tcb1_stk                                 0x2000232c   Data         400  app.o(.bss)
    __libspace_start                         0x200024bc   Data          96  libspace.o(.bss)
    __temporary_stack_top$libspace           0x2000251c   Data           0  libspace.o(.bss)



==============================================================================

Memory Map of the image

  Image Entry point : 0x080001ad

  Load Region LR_IROM1 (Base: 0x08000000, Size: 0x00004e74, Max: 0x00080000, ABSOLUTE)

    Execution Region ER_IROM1 (Base: 0x08000000, Size: 0x00004d7c, Max: 0x00080000, ABSOLUTE)

    Base Addr    Size         Type   Attr      Idx    E Section Name        Object

    0x08000000   0x000001ac   Data   RO          921    RESET               cstartup.o
    0x080001ac   0x00000008   Code   RO         8480  * !!!main             c_w.l(__main.o)
    0x080001b4   0x00000034   Code   RO         8646    !!!scatter          c_w.l(__scatter.o)
    0x080001e8   0x0000001a   Code   RO         8648    !!handler_copy      c_w.l(__scatter_copy.o)
    0x08000202   0x00000002   PAD
    0x08000204   0x0000001c   Code   RO         8650    !!handler_zi        c_w.l(__scatter_zi.o)
    0x08000220   0x00000002   Code   RO         8517    .ARM.Collect$$libinit$$00000000  c_w.l(libinit.o)
    0x08000222   0x00000004   Code   RO         8529    .ARM.Collect$$libinit$$00000001  c_w.l(libinit2.o)
    0x08000226   0x00000000   Code   RO         8532    .ARM.Collect$$libinit$$00000004  c_w.l(libinit2.o)
    0x08000226   0x00000000   Code   RO         8535    .ARM.Collect$$libinit$$0000000A  c_w.l(libinit2.o)
    0x08000226   0x00000000   Code   RO         8537    .ARM.Collect$$libinit$$0000000C  c_w.l(libinit2.o)
    0x08000226   0x00000000   Code   RO         8539    .ARM.Collect$$libinit$$0000000E  c_w.l(libinit2.o)
    0x08000226   0x00000000   Code   RO         8542    .ARM.Collect$$libinit$$00000011  c_w.l(libinit2.o)
    0x08000226   0x00000000   Code   RO         8544    .ARM.Collect$$libinit$$00000013  c_w.l(libinit2.o)
    0x08000226   0x00000000   Code   RO         8546    .ARM.Collect$$libinit$$00000015  c_w.l(libinit2.o)
    0x08000226   0x00000000   Code   RO         8548    .ARM.Collect$$libinit$$00000017  c_w.l(libinit2.o)
    0x08000226   0x00000000   Code   RO         8550    .ARM.Collect$$libinit$$00000019  c_w.l(libinit2.o)
    0x08000226   0x00000000   Code   RO         8552    .ARM.Collect$$libinit$$0000001B  c_w.l(libinit2.o)
    0x08000226   0x00000000   Code   RO         8554    .ARM.Collect$$libinit$$0000001D  c_w.l(libinit2.o)
    0x08000226   0x00000000   Code   RO         8556    .ARM.Collect$$libinit$$0000001F  c_w.l(libinit2.o)
    0x08000226   0x00000000   Code   RO         8558    .ARM.Collect$$libinit$$00000021  c_w.l(libinit2.o)
    0x08000226   0x00000000   Code   RO         8560    .ARM.Collect$$libinit$$00000023  c_w.l(libinit2.o)
    0x08000226   0x00000000   Code   RO         8562    .ARM.Collect$$libinit$$00000025  c_w.l(libinit2.o)
    0x08000226   0x00000000   Code   RO         8566    .ARM.Collect$$libinit$$0000002C  c_w.l(libinit2.o)
    0x08000226   0x00000000   Code   RO         8568    .ARM.Collect$$libinit$$0000002E  c_w.l(libinit2.o)
    0x08000226   0x00000000   Code   RO         8570    .ARM.Collect$$libinit$$00000030  c_w.l(libinit2.o)
    0x08000226   0x00000000   Code   RO         8572    .ARM.Collect$$libinit$$00000032  c_w.l(libinit2.o)
    0x08000226   0x00000002   Code   RO         8573    .ARM.Collect$$libinit$$00000033  c_w.l(libinit2.o)
    0x08000228   0x00000002   Code   RO         8604    .ARM.Collect$$libshutdown$$00000000  c_w.l(libshutdown.o)
    0x0800022a   0x00000000   Code   RO         8631    .ARM.Collect$$libshutdown$$00000003  c_w.l(libshutdown2.o)
    0x0800022a   0x00000000   Code   RO         8634    .ARM.Collect$$libshutdown$$00000006  c_w.l(libshutdown2.o)
    0x0800022a   0x00000000   Code   RO         8637    .ARM.Collect$$libshutdown$$00000009  c_w.l(libshutdown2.o)
    0x0800022a   0x00000000   Code   RO         8639    .ARM.Collect$$libshutdown$$0000000B  c_w.l(libshutdown2.o)
    0x0800022a   0x00000000   Code   RO         8642    .ARM.Collect$$libshutdown$$0000000E  c_w.l(libshutdown2.o)
    0x0800022a   0x00000002   Code   RO         8643    .ARM.Collect$$libshutdown$$0000000F  c_w.l(libshutdown2.o)
    0x0800022c   0x00000000   Code   RO         8482    .ARM.Collect$$rtentry$$00000000  c_w.l(__rtentry.o)
    0x0800022c   0x00000000   Code   RO         8488    .ARM.Collect$$rtentry$$00000002  c_w.l(__rtentry2.o)
    0x0800022c   0x00000006   Code   RO         8500    .ARM.Collect$$rtentry$$00000004  c_w.l(__rtentry4.o)
    0x08000232   0x00000000   Code   RO         8490    .ARM.Collect$$rtentry$$00000009  c_w.l(__rtentry2.o)
    0x08000232   0x00000004   Code   RO         8491    .ARM.Collect$$rtentry$$0000000A  c_w.l(__rtentry2.o)
    0x08000236   0x00000000   Code   RO         8493    .ARM.Collect$$rtentry$$0000000C  c_w.l(__rtentry2.o)
    0x08000236   0x00000008   Code   RO         8494    .ARM.Collect$$rtentry$$0000000D  c_w.l(__rtentry2.o)
    0x0800023e   0x00000002   Code   RO         8521    .ARM.Collect$$rtexit$$00000000  c_w.l(rtexit.o)
    0x08000240   0x00000000   Code   RO         8577    .ARM.Collect$$rtexit$$00000002  c_w.l(rtexit2.o)
    0x08000240   0x00000004   Code   RO         8578    .ARM.Collect$$rtexit$$00000003  c_w.l(rtexit2.o)
    0x08000244   0x00000006   Code   RO         8579    .ARM.Collect$$rtexit$$00000004  c_w.l(rtexit2.o)
    0x0800024a   0x00000002   PAD
    0x0800024c   0x0000005c   Code   RO          922    .text               cstartup.o
    0x080002a8   0x00000034   Code   RO         6105    .text               cpu_a.o
    0x080002dc   0x00000006   Code   RO         8478    .text               c_w.l(heapauxi.o)
    0x080002e2   0x0000004a   Code   RO         8504    .text               c_w.l(sys_stackheap_outer.o)
    0x0800032c   0x0000000c   Code   RO         8506    .text               c_w.l(exit.o)
    0x08000338   0x00000008   Code   RO         8518    .text               c_w.l(libspace.o)
    0x08000340   0x0000000c   Code   RO         8574    .text               c_w.l(sys_exit.o)
    0x0800034c   0x00000002   Code   RO         8593    .text               c_w.l(use_no_semi.o)
    0x0800034e   0x00000000   Code   RO         8595    .text               c_w.l(indicate_semi.o)
    0x0800034e   0x00000002   PAD
    0x08000350   0x0000010c   Code   RO         7782    CODE                os_cpu_a.o
    0x0800045c   0x0000000e   Code   RO            4    i.BSP_CPU_ClkFreq   bsp.o
    0x0800046a   0x00000002   PAD
    0x0800046c   0x0000011c   Code   RO            5    i.BSP_Init          bsp.o
    0x08000588   0x00000008   Code   RO          245    i.BSP_IntDisAll     bsp_int.o
    0x08000590   0x00000014   Code   RO          246    i.BSP_IntEn         bsp_int.o
    0x080005a4   0x00000040   Code   RO          247    i.BSP_IntHandler    bsp_int.o
    0x080005e4   0x0000000a   Code   RO          248    i.BSP_IntHandlerADC  bsp_int.o
    0x080005ee   0x0000000a   Code   RO          249    i.BSP_IntHandlerCAN1_RX0  bsp_int.o
    0x080005f8   0x0000000a   Code   RO          250    i.BSP_IntHandlerCAN1_RX1  bsp_int.o
    0x08000602   0x0000000a   Code   RO          251    i.BSP_IntHandlerCAN1_SCE  bsp_int.o
    0x0800060c   0x0000000a   Code   RO          252    i.BSP_IntHandlerCAN1_TX  bsp_int.o
    0x08000616   0x0000000a   Code   RO          253    i.BSP_IntHandlerCAN2_RX0  bsp_int.o
    0x08000620   0x0000000a   Code   RO          254    i.BSP_IntHandlerCAN2_RX1  bsp_int.o
    0x0800062a   0x0000000a   Code   RO          255    i.BSP_IntHandlerCAN2_SCE  bsp_int.o
    0x08000634   0x0000000a   Code   RO          256    i.BSP_IntHandlerCAN2_TX  bsp_int.o
    0x0800063e   0x0000000a   Code   RO          257    i.BSP_IntHandlerCRYP  bsp_int.o
    0x08000648   0x0000000a   Code   RO          258    i.BSP_IntHandlerDCMI  bsp_int.o
    0x08000652   0x0000000a   Code   RO          259    i.BSP_IntHandlerDMA1_CH0  bsp_int.o
    0x0800065c   0x0000000a   Code   RO          260    i.BSP_IntHandlerDMA1_CH1  bsp_int.o
    0x08000666   0x0000000a   Code   RO          261    i.BSP_IntHandlerDMA1_CH2  bsp_int.o
    0x08000670   0x0000000a   Code   RO          262    i.BSP_IntHandlerDMA1_CH3  bsp_int.o
    0x0800067a   0x0000000a   Code   RO          263    i.BSP_IntHandlerDMA1_CH4  bsp_int.o
    0x08000684   0x0000000a   Code   RO          264    i.BSP_IntHandlerDMA1_CH5  bsp_int.o
    0x0800068e   0x0000000a   Code   RO          265    i.BSP_IntHandlerDMA1_CH6  bsp_int.o
    0x08000698   0x0000000a   Code   RO          266    i.BSP_IntHandlerDMA1_STREAM7  bsp_int.o
    0x080006a2   0x0000000a   Code   RO          267    i.BSP_IntHandlerDMA2D  bsp_int.o
    0x080006ac   0x0000000a   Code   RO          268    i.BSP_IntHandlerDMA2_CH0  bsp_int.o
    0x080006b6   0x0000000a   Code   RO          269    i.BSP_IntHandlerDMA2_CH1  bsp_int.o
    0x080006c0   0x0000000a   Code   RO          270    i.BSP_IntHandlerDMA2_CH2  bsp_int.o
    0x080006ca   0x0000000a   Code   RO          271    i.BSP_IntHandlerDMA2_CH3  bsp_int.o
    0x080006d4   0x0000000a   Code   RO          272    i.BSP_IntHandlerDMA2_CH4  bsp_int.o
    0x080006de   0x0000000a   Code   RO          273    i.BSP_IntHandlerDMA2_CH5  bsp_int.o
    0x080006e8   0x0000000a   Code   RO          274    i.BSP_IntHandlerDMA2_CH6  bsp_int.o
    0x080006f2   0x0000000a   Code   RO          275    i.BSP_IntHandlerDMA2_CH7  bsp_int.o
    0x080006fc   0x00000002   Code   RO          276    i.BSP_IntHandlerDummy  bsp_int.o
    0x080006fe   0x0000000a   Code   RO          277    i.BSP_IntHandlerETH  bsp_int.o
    0x08000708   0x0000000a   Code   RO          278    i.BSP_IntHandlerETHWakeup  bsp_int.o
    0x08000712   0x0000000a   Code   RO          279    i.BSP_IntHandlerEXTI0  bsp_int.o
    0x0800071c   0x0000000a   Code   RO          280    i.BSP_IntHandlerEXTI1  bsp_int.o
    0x08000726   0x0000000a   Code   RO          281    i.BSP_IntHandlerEXTI15_10  bsp_int.o
    0x08000730   0x0000000a   Code   RO          282    i.BSP_IntHandlerEXTI2  bsp_int.o
    0x0800073a   0x0000000a   Code   RO          283    i.BSP_IntHandlerEXTI3  bsp_int.o
    0x08000744   0x0000000a   Code   RO          284    i.BSP_IntHandlerEXTI4  bsp_int.o
    0x0800074e   0x0000000a   Code   RO          285    i.BSP_IntHandlerEXTI9_5  bsp_int.o
    0x08000758   0x0000000a   Code   RO          286    i.BSP_IntHandlerFLASH  bsp_int.o
    0x08000762   0x0000000a   Code   RO          287    i.BSP_IntHandlerFPU  bsp_int.o
    0x0800076c   0x0000000a   Code   RO          288    i.BSP_IntHandlerFSMC  bsp_int.o
    0x08000776   0x0000000a   Code   RO          289    i.BSP_IntHandlerHASH_RNG  bsp_int.o
    0x08000780   0x0000000a   Code   RO          290    i.BSP_IntHandlerI2C1_ER  bsp_int.o
    0x0800078a   0x0000000a   Code   RO          291    i.BSP_IntHandlerI2C1_EV  bsp_int.o
    0x08000794   0x0000000a   Code   RO          292    i.BSP_IntHandlerI2C2_ER  bsp_int.o
    0x0800079e   0x0000000a   Code   RO          293    i.BSP_IntHandlerI2C2_EV  bsp_int.o
    0x080007a8   0x0000000a   Code   RO          294    i.BSP_IntHandlerI2C3_ER  bsp_int.o
    0x080007b2   0x0000000a   Code   RO          295    i.BSP_IntHandlerI2C3_EV  bsp_int.o
    0x080007bc   0x0000000a   Code   RO          296    i.BSP_IntHandlerLTDC  bsp_int.o
    0x080007c6   0x0000000a   Code   RO          297    i.BSP_IntHandlerLTDC_ER  bsp_int.o
    0x080007d0   0x0000000a   Code   RO          298    i.BSP_IntHandlerOTG_FS  bsp_int.o
    0x080007da   0x0000000a   Code   RO          299    i.BSP_IntHandlerOTG_FS_WKUP  bsp_int.o
    0x080007e4   0x0000000a   Code   RO          300    i.BSP_IntHandlerOTG_HS  bsp_int.o
    0x080007ee   0x0000000a   Code   RO          301    i.BSP_IntHandlerOTG_HS_EP1_IN  bsp_int.o
    0x080007f8   0x0000000a   Code   RO          302    i.BSP_IntHandlerOTG_HS_EP1_OUT  bsp_int.o
    0x08000802   0x0000000a   Code   RO          303    i.BSP_IntHandlerOTG_HS_WKUP  bsp_int.o
    0x0800080c   0x0000000a   Code   RO          304    i.BSP_IntHandlerPVD  bsp_int.o
    0x08000816   0x0000000a   Code   RO          305    i.BSP_IntHandlerRCC  bsp_int.o
    0x08000820   0x0000000a   Code   RO          306    i.BSP_IntHandlerRTCAlarm  bsp_int.o
    0x0800082a   0x0000000a   Code   RO          307    i.BSP_IntHandlerRTC_WKUP  bsp_int.o
    0x08000834   0x0000000a   Code   RO          308    i.BSP_IntHandlerSAI1  bsp_int.o
    0x0800083e   0x0000000a   Code   RO          309    i.BSP_IntHandlerSDIO  bsp_int.o
    0x08000848   0x0000000a   Code   RO          310    i.BSP_IntHandlerSPI1  bsp_int.o
    0x08000852   0x0000000a   Code   RO          311    i.BSP_IntHandlerSPI2  bsp_int.o
    0x0800085c   0x0000000a   Code   RO          312    i.BSP_IntHandlerSPI3  bsp_int.o
    0x08000866   0x0000000a   Code   RO          313    i.BSP_IntHandlerSPI4  bsp_int.o
    0x08000870   0x0000000a   Code   RO          314    i.BSP_IntHandlerSPI5  bsp_int.o
    0x0800087a   0x0000000a   Code   RO          315    i.BSP_IntHandlerSPI6  bsp_int.o
    0x08000884   0x0000000a   Code   RO          316    i.BSP_IntHandlerTAMP_STAMP  bsp_int.o
    0x0800088e   0x0000000a   Code   RO          317    i.BSP_IntHandlerTIM1_BRK_TIM9  bsp_int.o
    0x08000898   0x0000000a   Code   RO          318    i.BSP_IntHandlerTIM1_CC  bsp_int.o
    0x080008a2   0x0000000a   Code   RO          319    i.BSP_IntHandlerTIM1_TRG_COM_TIM11  bsp_int.o
    0x080008ac   0x0000000a   Code   RO          320    i.BSP_IntHandlerTIM1_UP_TIM10  bsp_int.o
    0x080008b6   0x0000000a   Code   RO          321    i.BSP_IntHandlerTIM2  bsp_int.o
    0x080008c0   0x0000000a   Code   RO          322    i.BSP_IntHandlerTIM3  bsp_int.o
    0x080008ca   0x0000000a   Code   RO          323    i.BSP_IntHandlerTIM4  bsp_int.o
    0x080008d4   0x0000000a   Code   RO          324    i.BSP_IntHandlerTIM5  bsp_int.o
    0x080008de   0x0000000a   Code   RO          325    i.BSP_IntHandlerTIM6_DAC  bsp_int.o
    0x080008e8   0x0000000a   Code   RO          326    i.BSP_IntHandlerTIM7  bsp_int.o
    0x080008f2   0x0000000a   Code   RO          327    i.BSP_IntHandlerTIM8_BRK_TIM12  bsp_int.o
    0x080008fc   0x0000000a   Code   RO          328    i.BSP_IntHandlerTIM8_CC  bsp_int.o
    0x08000906   0x0000000a   Code   RO          329    i.BSP_IntHandlerTIM8_TRG_COM_TIM14  bsp_int.o
    0x08000910   0x0000000a   Code   RO          330    i.BSP_IntHandlerTIM8_UP_TIM13  bsp_int.o
    0x0800091a   0x0000000a   Code   RO          331    i.BSP_IntHandlerUART7  bsp_int.o
    0x08000924   0x0000000a   Code   RO          332    i.BSP_IntHandlerUART8  bsp_int.o
    0x0800092e   0x0000000a   Code   RO          333    i.BSP_IntHandlerUSART1  bsp_int.o
    0x08000938   0x0000000a   Code   RO          334    i.BSP_IntHandlerUSART2  bsp_int.o
    0x08000942   0x0000000a   Code   RO          335    i.BSP_IntHandlerUSART3  bsp_int.o
    0x0800094c   0x0000000a   Code   RO          336    i.BSP_IntHandlerUSART4  bsp_int.o
    0x08000956   0x0000000a   Code   RO          337    i.BSP_IntHandlerUSART5  bsp_int.o
    0x08000960   0x0000000a   Code   RO          338    i.BSP_IntHandlerUSART6  bsp_int.o
    0x0800096a   0x0000000a   Code   RO          339    i.BSP_IntHandlerWWDG  bsp_int.o
    0x08000974   0x0000001c   Code   RO          340    i.BSP_IntInit       bsp_int.o
    0x08000990   0x00000034   Code   RO          342    i.BSP_IntVectSet    bsp_int.o
    0x080009c4   0x00000090   Code   RO            6    i.BSP_LED_Init      bsp.o
    0x08000a54   0x000001b0   Code   RO          888    i.BSP_PeriphEn      bsp_periph.o
    0x08000c04   0x0000001c   Code   RO           10    i.BSP_Tick_Init     bsp.o
    0x08000c20   0x0000000c   Code   RO         5987    i.CPU_Init          cpu_core.o
    0x08000c2c   0x0000014c   Code   RO         5934    i.CPU_IntSrcEn      cpu_c.o
    0x08000d78   0x00000030   Code   RO         5988    i.CPU_NameClr       cpu_core.o
    0x08000da8   0x00000008   Code   RO         5990    i.CPU_NameInit      cpu_core.o
    0x08000db0   0x00000004   Code   RO         5992    i.CPU_SW_Exception  cpu_core.o
    0x08000db4   0x00000014   Code   RO         5994    i.CPU_TS_Init       cpu_core.o
    0x08000dc8   0x0000000c   Code   RO         5996    i.CPU_TS_TmrFreqSet  cpu_core.o
    0x08000dd4   0x00000034   Code   RO           12    i.CPU_TS_TmrInit    bsp.o
    0x08000e08   0x0000000c   Code   RO           13    i.CPU_TS_TmrRd      bsp.o
    0x08000e14   0x00000094   Code   RO         2296    i.EXTI_Init         stm32f4xx_exti.o
    0x08000ea8   0x00000090   Code   RO         2804    i.GPIO_Init         stm32f4xx_gpio.o
    0x08000f38   0x00000046   Code   RO         2805    i.GPIO_PinAFConfig  stm32f4xx_gpio.o
    0x08000f7e   0x00000012   Code   RO         2808    i.GPIO_ReadInputDataBit  stm32f4xx_gpio.o
    0x08000f90   0x00000008   Code   RO         2814    i.GPIO_ToggleBits   stm32f4xx_gpio.o
    0x08000f98   0x0000000a   Code   RO         2816    i.GPIO_WriteBit     stm32f4xx_gpio.o
    0x08000fa2   0x00000010   Code   RO         8349    i.Gec_GPIO_Get_Value  gec_gpio.o
    0x08000fb2   0x000000a6   Code   RO         8350    i.Gec_GPIO_Init     gec_gpio.o
    0x08001058   0x0000001c   Code   RO         8351    i.Gec_GPIO_Set_Value  gec_gpio.o
    0x08001074   0x00000184   Code   RO         8431    i.Gec_UART_Init     gec_uart.o
    0x080011f8   0x0000000a   Code   RO         6213    i.Math_Init         lib_math.o
    0x08001202   0x00000002   PAD
    0x08001204   0x0000002c   Code   RO         6216    i.Math_RandSetSeed  lib_math.o
    0x08001230   0x00000012   Code   RO         6249    i.Mem_Clr           lib_mem.o
    0x08001242   0x00000002   PAD
    0x08001244   0x0000004c   Code   RO         6259    i.Mem_Init          lib_mem.o
    0x08001290   0x0000004a   Code   RO         6272    i.Mem_SegCreate     lib_mem.o
    0x080012da   0x00000002   PAD
    0x080012dc   0x00000020   Code   RO         6273    i.Mem_SegCreateCritical  lib_mem.o
    0x080012fc   0x00000054   Code   RO         6276    i.Mem_Set           lib_mem.o
    0x08001350   0x00000014   Code   RO          930    i.NVIC_PriorityGroupConfig  misc.o
    0x08001364   0x00000002   Code   RO         6581    i.OSCfg_Init        os_cfg_app.o
    0x08001366   0x00000002   PAD
    0x08001368   0x00000014   Code   RO         6841    i.OSIdleTaskHook    os_cpu_c.o
    0x0800137c   0x00000180   Code   RO         6604    i.OSInit            os_core.o
    0x080014fc   0x00000028   Code   RO         6842    i.OSInitHook        os_cpu_c.o
    0x08001524   0x0000002c   Code   RO         6605    i.OSIntEnter        os_core.o
    0x08001550   0x000000dc   Code   RO         6606    i.OSIntExit         os_core.o
    0x0800162c   0x00000070   Code   RO         7105    i.OSMutexCreate     os_mutex.o
    0x0800169c   0x000001d0   Code   RO         7107    i.OSMutexPend       os_mutex.o
    0x0800186c   0x0000018c   Code   RO         7109    i.OSMutexPost       os_mutex.o
    0x080019f8   0x000000a4   Code   RO         6607    i.OSSched           os_core.o
    0x08001a9c   0x00000060   Code   RO         6608    i.OSSchedLock       os_core.o
    0x08001afc   0x00000064   Code   RO         6609    i.OSSchedRoundRobinCfg  os_core.o
    0x08001b60   0x00000080   Code   RO         6611    i.OSSchedUnlock     os_core.o
    0x08001be0   0x00000068   Code   RO         6612    i.OSStart           os_core.o
    0x08001c48   0x00000128   Code   RO         7376    i.OSStatReset       os_stat.o
    0x08001d70   0x00000014   Code   RO         6843    i.OSStatTaskHook    os_cpu_c.o
    0x08001d84   0x000001a8   Code   RO         7407    i.OSTaskCreate      os_task.o
    0x08001f2c   0x00000018   Code   RO         6844    i.OSTaskCreateHook  os_cpu_c.o
    0x08001f44   0x00000188   Code   RO         7408    i.OSTaskDel         os_task.o
    0x080020cc   0x00000018   Code   RO         6845    i.OSTaskDelHook     os_cpu_c.o
    0x080020e4   0x00000018   Code   RO         6846    i.OSTaskReturnHook  os_cpu_c.o
    0x080020fc   0x000001c8   Code   RO         7417    i.OSTaskSemPend     os_task.o
    0x080022c4   0x0000003e   Code   RO         7419    i.OSTaskSemPost     os_task.o
    0x08002302   0x00000002   PAD
    0x08002304   0x000000c0   Code   RO         7421    i.OSTaskStkChk      os_task.o
    0x080023c4   0x000002c4   Code   RO         6847    i.OSTaskStkInit     os_cpu_c.o
    0x08002688   0x000000b8   Code   RO         6848    i.OSTaskSwHook      os_cpu_c.o
    0x08002740   0x000000a4   Code   RO         7632    i.OSTimeDly         os_time.o
    0x080027e4   0x0000005c   Code   RO         7637    i.OSTimeTick        os_time.o
    0x08002840   0x00000014   Code   RO         6849    i.OSTimeTickHook    os_cpu_c.o
    0x08002854   0x00000048   Code   RO         6850    i.OS_CPU_SysTickHandler  os_cpu_c.o
    0x0800289c   0x00000030   Code   RO         6851    i.OS_CPU_SysTickInit  os_cpu_c.o
    0x080028cc   0x000001a8   Code   RO         6928    i.OS_Dbg_Init       os_dbg.o
    0x08002a74   0x00000018   Code   RO         6953    i.OS_FlagInit       os_flag.o
    0x08002a8c   0x00000044   Code   RO         6614    i.OS_IdleTask       os_core.o
    0x08002ad0   0x00000070   Code   RO         6615    i.OS_IdleTaskInit   os_core.o
    0x08002b40   0x00000018   Code   RO         7037    i.OS_MemInit        os_mem.o
    0x08002b58   0x0000007c   Code   RO         7069    i.OS_MsgPoolInit    os_msg.o
    0x08002bd4   0x00000044   Code   RO         7070    i.OS_MsgQFreeAll    os_msg.o
    0x08002c18   0x0000000e   Code   RO         7072    i.OS_MsgQInit       os_msg.o
    0x08002c26   0x00000002   PAD
    0x08002c28   0x00000030   Code   RO         7111    i.OS_MutexDbgListAdd  os_mutex.o
    0x08002c58   0x00000008   Code   RO         7113    i.OS_MutexGrpAdd    os_mutex.o
    0x08002c60   0x00000060   Code   RO         7114    i.OS_MutexGrpPostAll  os_mutex.o
    0x08002cc0   0x0000002c   Code   RO         7115    i.OS_MutexGrpPrioFindHighest  os_mutex.o
    0x08002cec   0x0000001c   Code   RO         7116    i.OS_MutexGrpRemove  os_mutex.o
    0x08002d08   0x00000018   Code   RO         7117    i.OS_MutexInit      os_mutex.o
    0x08002d20   0x00000068   Code   RO         6616    i.OS_Pend           os_core.o
    0x08002d88   0x00000028   Code   RO         6619    i.OS_PendDataInit   os_core.o
    0x08002db0   0x0000005c   Code   RO         6620    i.OS_PendDbgNameAdd  os_core.o
    0x08002e0c   0x00000024   Code   RO         6621    i.OS_PendDbgNameRemove  os_core.o
    0x08002e30   0x0000003a   Code   RO         6622    i.OS_PendListChangePrio  os_core.o
    0x08002e6a   0x0000000a   Code   RO         6623    i.OS_PendListInit   os_core.o
    0x08002e74   0x00000066   Code   RO         6625    i.OS_PendListInsertPrio  os_core.o
    0x08002eda   0x00000034   Code   RO         6626    i.OS_PendListRemove  os_core.o
    0x08002f0e   0x00000042   Code   RO         6627    i.OS_PendListRemove1  os_core.o
    0x08002f50   0x000000d6   Code   RO         6630    i.OS_Post           os_core.o
    0x08003026   0x0000002c   Code   RO         6631    i.OS_Post1          os_core.o
    0x08003052   0x00000002   PAD
    0x08003054   0x00000028   Code   RO         7195    i.OS_PrioGetHighest  os_prio.o
    0x0800307c   0x00000018   Code   RO         7196    i.OS_PrioInit       os_prio.o
    0x08003094   0x00000024   Code   RO         7197    i.OS_PrioInsert     os_prio.o
    0x080030b8   0x00000024   Code   RO         7198    i.OS_PrioRemove     os_prio.o
    0x080030dc   0x00000018   Code   RO         7241    i.OS_QInit          os_q.o
    0x080030f4   0x00000024   Code   RO         6632    i.OS_RdyListInit    os_core.o
    0x08003118   0x0000002c   Code   RO         6633    i.OS_RdyListInsert  os_core.o
    0x08003144   0x00000040   Code   RO         6634    i.OS_RdyListInsertHead  os_core.o
    0x08003184   0x0000003c   Code   RO         6635    i.OS_RdyListInsertTail  os_core.o
    0x080031c0   0x00000044   Code   RO         6636    i.OS_RdyListMoveHeadToTail  os_core.o
    0x08003204   0x0000005c   Code   RO         6637    i.OS_RdyListRemove  os_core.o
    0x08003260   0x0000001c   Code   RO         6638    i.OS_SchedLockTimeMeasStart  os_core.o
    0x0800327c   0x0000003c   Code   RO         6639    i.OS_SchedLockTimeMeasStop  os_core.o
    0x080032b8   0x000000d0   Code   RO         6640    i.OS_SchedRoundRobin  os_core.o
    0x08003388   0x00000018   Code   RO         7313    i.OS_SemInit        os_sem.o
    0x080033a0   0x000002e8   Code   RO         7378    i.OS_StatTask       os_stat.o
    0x08003688   0x000000cc   Code   RO         7379    i.OS_StatTaskInit   os_stat.o
    0x08003754   0x0000002c   Code   RO         6641    i.OS_TaskBlock      os_core.o
    0x08003780   0x000000ec   Code   RO         7424    i.OS_TaskChangePrio  os_task.o
    0x0800386c   0x00000030   Code   RO         7425    i.OS_TaskDbgListAdd  os_task.o
    0x0800389c   0x00000044   Code   RO         7426    i.OS_TaskDbgListRemove  os_task.o
    0x080038e0   0x00000020   Code   RO         7427    i.OS_TaskInit       os_task.o
    0x08003900   0x000000c4   Code   RO         7428    i.OS_TaskInitTCB    os_task.o
    0x080039c4   0x00000018   Code   RO         7431    i.OS_TaskReturn     os_task.o
    0x080039dc   0x000001c4   Code   RO         7432    i.OS_TaskSemPost    os_task.o
    0x08003ba0   0x00000086   Code   RO         7580    i.OS_TickListInsert  os_tick.o
    0x08003c26   0x00000002   PAD
    0x08003c28   0x000000bc   Code   RO         7581    i.OS_TickListInsertDly  os_tick.o
    0x08003ce4   0x00000058   Code   RO         7582    i.OS_TickListRemove  os_tick.o
    0x08003d3c   0x00000002   Code   RO         7583    i.OS_TickListResetPeak  os_tick.o
    0x08003d3e   0x00000002   PAD
    0x08003d40   0x00000098   Code   RO         7584    i.OS_TickListUpdateDly  os_tick.o
    0x08003dd8   0x00000114   Code   RO         7585    i.OS_TickListUpdateTimeout  os_tick.o
    0x08003eec   0x00000064   Code   RO         7586    i.OS_TickTask       os_tick.o
    0x08003f50   0x000000c8   Code   RO         7587    i.OS_TickTaskInit   os_tick.o
    0x08004018   0x00000134   Code   RO         7683    i.OS_TmrInit        os_tmr.o
    0x0800414c   0x00000018   Code   RO         7684    i.OS_TmrLock        os_tmr.o
    0x08004164   0x00000002   Code   RO         7685    i.OS_TmrResetPeak   os_tmr.o
    0x08004166   0x00000002   PAD
    0x08004168   0x00000094   Code   RO         7686    i.OS_TmrTask        os_tmr.o
    0x080041fc   0x00000044   Code   RO         7687    i.OS_TmrUnlink      os_tmr.o
    0x08004240   0x00000014   Code   RO         7688    i.OS_TmrUnlock      os_tmr.o
    0x08004254   0x00000020   Code   RO         3730    i.RCC_AHB1PeriphClockCmd  stm32f4xx_rcc.o
    0x08004274   0x00000020   Code   RO         3739    i.RCC_APB1PeriphClockCmd  stm32f4xx_rcc.o
    0x08004294   0x00000020   Code   RO         3742    i.RCC_APB2PeriphClockCmd  stm32f4xx_rcc.o
    0x080042b4   0x000000e8   Code   RO         3751    i.RCC_GetClocksFreq  stm32f4xx_rcc.o
    0x0800439c   0x00000040   Code   RO         5053    i.SYSCFG_EXTILineConfig  stm32f4xx_syscfg.o
    0x080043dc   0x00000030   Code   RO         8308    i.Serial_Rcv        bt_1.o
    0x0800440c   0x0000001e   Code   RO         5677    i.USART_ClearITPendingBit  stm32f4xx_usart.o
    0x0800442a   0x00000018   Code   RO         5680    i.USART_Cmd         stm32f4xx_usart.o
    0x08004442   0x00000054   Code   RO         5684    i.USART_GetITStatus  stm32f4xx_usart.o
    0x08004496   0x0000004a   Code   RO         5686    i.USART_ITConfig    stm32f4xx_usart.o
    0x080044e0   0x000000d4   Code   RO         5687    i.USART_Init        stm32f4xx_usart.o
    0x080045b4   0x0000000a   Code   RO         5694    i.USART_ReceiveData  stm32f4xx_usart.o
    0x080045be   0x00000002   PAD
    0x080045c0   0x0000005c   Code   RO         8309    i.bt_Ctrl           bt_1.o
    0x0800461c   0x0000002c   Code   RO         8310    i.bt_Init           bt_1.o
    0x08004648   0x0000000c   Code   RO         8049    i.car_back          motor.o
    0x08004654   0x0000004c   Code   RO         8050    i.car_ctrl_init     motor.o
    0x080046a0   0x0000000c   Code   RO         8051    i.car_forward       motor.o
    0x080046ac   0x0000000c   Code   RO         8053    i.car_stop          motor.o
    0x080046b8   0x00000022   Code   RO         8353    i.get_exti_trigger  gec_gpio.o
    0x080046da   0x00000002   PAD
    0x080046dc   0x00000014   Code   RO         8253    i.get_front_state   track.o
    0x080046f0   0x000000a0   Code   RO         8354    i.get_gpio_clock_group  gec_gpio.o
    0x08004790   0x000000a8   Code   RO         8355    i.get_gpio_exti_pin  gec_gpio.o
    0x08004838   0x0000009c   Code   RO         8356    i.get_gpio_exti_port  gec_gpio.o
    0x080048d4   0x00000018   Code   RO         8254    i.get_left_state    track.o
    0x080048ec   0x00000014   Code   RO         8255    i.get_right_state   track.o
    0x08004900   0x0000001c   Code   RO         8357    i.get_stm32gpioPuPd  gec_gpio.o
    0x0800491c   0x00000034   Code   RO         8358    i.get_stm32gpiomode  gec_gpio.o
    0x08004950   0x00000010   Code   RO         8054    i.left_back         motor.o
    0x08004960   0x00000010   Code   RO         8055    i.left_forward      motor.o
    0x08004970   0x00000010   Code   RO         8056    i.left_stop         motor.o
    0x08004980   0x0000007c   Code   RO         7789    i.main              app.o
    0x080049fc   0x00000010   Code   RO         8057    i.right_back        motor.o
    0x08004a0c   0x00000010   Code   RO         8058    i.right_forward     motor.o
    0x08004a1c   0x00000010   Code   RO         8059    i.right_stop        motor.o
    0x08004a2c   0x00000014   Code   RO         8062    i.set_LA            motor.o
    0x08004a40   0x00000014   Code   RO         8063    i.set_LB            motor.o
    0x08004a54   0x00000018   Code   RO         8064    i.set_RA            motor.o
    0x08004a6c   0x00000018   Code   RO         8065    i.set_RB            motor.o
    0x08004a84   0x0000002c   Code   RO         7790    i.task1_rountine    app.o
    0x08004ab0   0x00000058   Code   RO         8256    i.track             track.o
    0x08004b08   0x00000030   Code   RO         8257    i.track_init        track.o
    0x08004b38   0x0000000c   Code   RO         8066    i.turn_left         motor.o
    0x08004b44   0x0000000c   Code   RO         8068    i.turn_right        motor.o
    0x08004b50   0x0000000a   Code   RO         8589    x$fpl$fpinit        fz_wm.l(fpinit.o)
    0x08004b5a   0x00000002   PAD
    0x08004b5c   0x00000094   Data   RO         6583    .constdata          os_cfg_app.o
    0x08004bf0   0x0000016c   Data   RO         6929    .constdata          os_dbg.o
    0x08004d5c   0x00000020   Data   RO         8644    Region$$Table       anon$$obj.o


    Execution Region RW_IRAM1 (Base: 0x20000000, Size: 0x00002b20, Max: 0x00020000, ABSOLUTE)

    Base Addr    Size         Type   Attr      Idx    E Section Name        Object

    0x20000000   0x00000010   Data   RW         3783    .data               stm32f4xx_rcc.o
    0x20000010   0x00000004   Data   RW         6000    .data               cpu_core.o
    0x20000014   0x00000004   Data   RW         6217    .data               lib_math.o
    0x20000018   0x00000004   Data   RW         6278    .data               lib_mem.o
    0x2000001c   0x00000004   Data   RW         6852    .data               os_cpu_c.o
    0x20000020   0x00000008   Data   RW         7199    .data               os_prio.o
    0x20000028   0x000000cc   Data   RW         7769    .data               os_var.o
    0x200000f4   0x00000002   Data   RW         7792    .data               app.o
    0x200000f6   0x00000002   PAD
    0x200000f8   0x0000016c   Zero   RW          343    .bss                bsp_int.o
    0x20000264   0x00000010   Zero   RW         5998    .bss                cpu_core.o
    0x20000274   0x00000c14   Zero   RW         6277    .bss                lib_mem.o
    0x20000e88   0x00000d80   Zero   RW         6582    .bss                os_cfg_app.o
    0x20001c08   0x0000065c   Zero   RW         7768    .bss                os_var.o
    0x20002264   0x00000258   Zero   RW         7791    .bss                app.o
    0x200024bc   0x00000060   Zero   RW         8519    .bss                c_w.l(libspace.o)
    0x2000251c   0x00000004   PAD
    0x20002520   0x00000200   Zero   RW          920    HEAP                cstartup.o
    0x20002720   0x00000400   Zero   RW          919    STACK               cstartup.o


==============================================================================

Image component sizes


      Code (inc. data)   RO Data    RW Data    ZI Data      Debug   Object Name

       168         26          0          2        600       1811   app.o
       534         54          0          0          0     313640   bsp.o
      1084         16          0          0        364      48596   bsp_int.o
       432         94          0          0          0        615   bsp_periph.o
       184         26          0          0          0       1401   bt_1.o
        52          0          0          0          0        284   cpu_a.o
       332         20          0          0          0        719   cpu_c.o
       104         18          0          4         16       4868   cpu_core.o
        92         32        428          0       1536        708   cstartup.o
       808        100          0          0          0       5746   gec_gpio.o
       388         20          0          0          0       1416   gec_uart.o
         0          0          0          0          0        712   led.o
        54          4          0          4          0       2046   lib_math.o
       284         26          0          4       3092      15045   lib_mem.o
        20         10          0          0          0        567   misc.o
       320         26          0          0          0       7318   motor.o
         2          0        148          0       3456      19255   os_cfg_app.o
      2942        392          0          0          0      20653   os_core.o
       268         14          0          0          0        344   os_cpu_a.o
      1184        174          0          4          0       7381   os_cpu_c.o
       424        278        364          0          0       4693   os_dbg.o
        24         10          0          0          0        834   os_flag.o
        24         10          0          0          0        837   os_mem.o
       206         20          0          0          0       2276   os_msg.o
      1220         56          0          0          0       6907   os_mutex.o
       136         16          0          8          0       2790   os_prio.o
        24         10          0          0          0        831   os_q.o
        24         10          0          0          0        829   os_sem.o
      1244        162          0          0          0       3066   os_stat.o
      2582        136          0          0          0      10529   os_task.o
      1140         88          0          0          0       6166   os_tick.o
       256         32          0          0          0       1585   os_time.o
       570        142          0          0          0       3915   os_tmr.o
         0          0          0        204       1628      17936   os_var.o
       148          6          0          0          0       1044   stm32f4xx_exti.o
       250          0          0          0          0       3777   stm32f4xx_gpio.o
       328         36          0         16          0       4863   stm32f4xx_rcc.o
        64          4          0          0          0        688   stm32f4xx_syscfg.o
       434          8          0          0          0       5128   stm32f4xx_usart.o
       200         32          0          0          0       2558   track.o

    ----------------------------------------------------------------------
     18576       2108        972        248      10692     534377   Object Totals
         0          0         32          0          0          0   (incl. Generated)
        26          0          0          2          0          0   (incl. Padding)

    ----------------------------------------------------------------------

      Code (inc. data)   RO Data    RW Data    ZI Data      Debug   Library Member Name

         8          0          0          0          0         68   __main.o
         0          0          0          0          0          0   __rtentry.o
        12          0          0          0          0          0   __rtentry2.o
         6          0          0          0          0          0   __rtentry4.o
        52          8          0          0          0          0   __scatter.o
        26          0          0          0          0          0   __scatter_copy.o
        28          0          0          0          0          0   __scatter_zi.o
        12          0          0          0          0         72   exit.o
         6          0          0          0          0        152   heapauxi.o
         0          0          0          0          0          0   indicate_semi.o
         2          0          0          0          0          0   libinit.o
         6          0          0          0          0          0   libinit2.o
         2          0          0          0          0          0   libshutdown.o
         2          0          0          0          0          0   libshutdown2.o
         8          4          0          0         96         68   libspace.o
         2          0          0          0          0          0   rtexit.o
        10          0          0          0          0          0   rtexit2.o
        12          4          0          0          0         68   sys_exit.o
        74          0          0          0          0         80   sys_stackheap_outer.o
         2          0          0          0          0         68   use_no_semi.o
        10          0          0          0          0        116   fpinit.o

    ----------------------------------------------------------------------
       288         16          0          0        100        692   Library Totals
         8          0          0          0          4          0   (incl. Padding)

    ----------------------------------------------------------------------

      Code (inc. data)   RO Data    RW Data    ZI Data      Debug   Library Name

       270         16          0          0         96        576   c_w.l
        10          0          0          0          0        116   fz_wm.l

    ----------------------------------------------------------------------
       288         16          0          0        100        692   Library Totals

    ----------------------------------------------------------------------

==============================================================================


      Code (inc. data)   RO Data    RW Data    ZI Data      Debug   

     18864       2124        972        248      10792     508713   Grand Totals
     18864       2124        972        248      10792     508713   ELF Image Totals
     18864       2124        972        248          0          0   ROM Totals

==============================================================================

    Total RO  Size (Code + RO Data)                19836 (  19.37kB)
    Total RW  Size (RW Data + ZI Data)             11040 (  10.78kB)
    Total ROM Size (Code + RO Data + RW Data)      20084 (  19.61kB)

==============================================================================

